ARM Linker, 5.03 [Build 76] [MDK-ARM Lite]

==============================================================================

Section Cross References

    startup.o(STACK) refers (Special) to heapauxi.o(.text) for __use_two_region_memory
    startup.o(HEAP) refers (Special) to heapauxi.o(.text) for __use_two_region_memory
    startup.o(RESET) refers (Special) to heapauxi.o(.text) for __use_two_region_memory
    startup.o(RESET) refers to startup.o(STACK) for StackMem
    startup.o(RESET) refers to sound.o(i.SysTick_Handler) for SysTick_Handler
    startup.o(RESET) refers to timer0.o(i.Timer0A_Handler) for Timer0A_Handler
    startup.o(RESET) refers to texas.o(i.Timer4A_Handler) for Timer4A_Handler
    startup.o(RESET) refers to texas.o(i.Timer5A_Handler) for Timer5A_Handler
    startup.o(RESET) refers to __main.o(!!!main) for __main
    startup.o(.text) refers (Special) to heapauxi.o(.text) for __use_two_region_memory
    startup.o(.text) refers to startup.o(HEAP) for HeapMem
    startup.o(.text) refers to startup.o(STACK) for StackMem
    random.o(.text) refers to random.o(DATA) for M
    adc.o(i.Select_Difficulty) refers to st7735.o(i.ST7735_SetTextColor) for ST7735_SetTextColor
    adc.o(i.Select_Difficulty) refers to st7735.o(i.ST7735_OutString) for ST7735_OutString
    adc.o(i.Select_Difficulty) refers to st7735.o(i.ST7735_SetCursor) for ST7735_SetCursor
    adc.o(i.Select_Difficulty) refers to adc.o(i.ADC_In) for ADC_In
    adc.o(i.Select_Difficulty) refers to adc.o(i.Convert) for Convert
    adc.o(i.Select_Difficulty) refers to adc.o(.data) for str
    adc.o(i.Select_Difficulty) refers to snake.o(.data) for decrement
    sound.o(i.DAC_Init) refers to sound.o(.data) for delay1
    sound.o(i.Sound_Init) refers to sound.o(i.DAC_Init) for DAC_Init
    sound.o(i.SysTick_Handler) refers to sound.o(i.DAC_Out) for DAC_Out
    sound.o(i.SysTick_Handler) refers to sound.o(.data) for Index
    sound.o(i.SysTick_Handler) refers to sound.o(.constdata) for preciseWave
    print.o(.text) refers (Special) to st7735.o(i.ST7735_OutString) for ST7735_OutString
    print.o(.text) refers to st7735.o(i.ST7735_OutChar) for ST7735_OutChar
    st7735.o(i.Output_Clear) refers to st7735.o(i.ST7735_FillScreen) for ST7735_FillScreen
    st7735.o(i.Output_Color) refers to st7735.o(i.ST7735_SetTextColor) for ST7735_SetTextColor
    st7735.o(i.Output_Init) refers to st7735.o(i.ST7735_InitR) for ST7735_InitR
    st7735.o(i.Output_Init) refers to st7735.o(i.ST7735_FillScreen) for ST7735_FillScreen
    st7735.o(i.Output_Off) refers to st7735.o(i.Output_Clear) for Output_Clear
    st7735.o(i.Output_On) refers to st7735.o(i.Output_Init) for Output_Init
    st7735.o(i.ST7735_DrawBitmap) refers to st7735.o(i.setAddrWindow) for setAddrWindow
    st7735.o(i.ST7735_DrawBitmap) refers to lcd.o(.text) for writedata
    st7735.o(i.ST7735_DrawBitmap) refers to st7735.o(.data) for _width
    st7735.o(i.ST7735_DrawChar) refers to st7735.o(i.setAddrWindow) for setAddrWindow
    st7735.o(i.ST7735_DrawChar) refers to st7735.o(i.pushColor) for pushColor
    st7735.o(i.ST7735_DrawChar) refers to st7735.o(.data) for _width
    st7735.o(i.ST7735_DrawChar) refers to st7735.o(.constdata) for Font
    st7735.o(i.ST7735_DrawCharS) refers to st7735.o(i.ST7735_DrawPixel) for ST7735_DrawPixel
    st7735.o(i.ST7735_DrawCharS) refers to st7735.o(i.ST7735_FillRect) for ST7735_FillRect
    st7735.o(i.ST7735_DrawCharS) refers to st7735.o(.data) for _width
    st7735.o(i.ST7735_DrawCharS) refers to st7735.o(.constdata) for Font
    st7735.o(i.ST7735_DrawFastHLine) refers to st7735.o(i.setAddrWindow) for setAddrWindow
    st7735.o(i.ST7735_DrawFastHLine) refers to lcd.o(.text) for writedata
    st7735.o(i.ST7735_DrawFastHLine) refers to st7735.o(.data) for _width
    st7735.o(i.ST7735_DrawFastVLine) refers to st7735.o(i.setAddrWindow) for setAddrWindow
    st7735.o(i.ST7735_DrawFastVLine) refers to lcd.o(.text) for writedata
    st7735.o(i.ST7735_DrawFastVLine) refers to st7735.o(.data) for _width
    st7735.o(i.ST7735_DrawPixel) refers to st7735.o(i.setAddrWindow) for setAddrWindow
    st7735.o(i.ST7735_DrawPixel) refers to st7735.o(i.pushColor) for pushColor
    st7735.o(i.ST7735_DrawPixel) refers to st7735.o(.data) for _width
    st7735.o(i.ST7735_DrawString) refers to st7735.o(i.ST7735_DrawCharS) for ST7735_DrawCharS
    st7735.o(i.ST7735_FillRect) refers to st7735.o(i.setAddrWindow) for setAddrWindow
    st7735.o(i.ST7735_FillRect) refers to lcd.o(.text) for writedata
    st7735.o(i.ST7735_FillRect) refers to st7735.o(.data) for _width
    st7735.o(i.ST7735_FillScreen) refers to st7735.o(i.ST7735_FillRect) for ST7735_FillRect
    st7735.o(i.ST7735_FillScreen) refers to st7735.o(.data) for _height
    st7735.o(i.ST7735_InitB) refers to st7735.o(i.commonInit) for commonInit
    st7735.o(i.ST7735_InitB) refers to st7735.o(i.ST7735_SetCursor) for ST7735_SetCursor
[...]
    st7735.o(i.ST7735_PlotBar) refers to st7735.o(.data) for Ymin
    st7735.o(i.ST7735_PlotClear) refers to st7735.o(i.ST7735_Color565) for ST7735_Color565
    st7735.o(i.ST7735_PlotClear) refers to st7735.o(i.ST7735_FillRect) for ST7735_FillRect
    st7735.o(i.ST7735_PlotClear) refers to st7735.o(.data) for Ymax
    st7735.o(i.ST7735_PlotLine) refers to st7735.o(i.ST7735_DrawPixel) for ST7735_DrawPixel
    st7735.o(i.ST7735_PlotLine) refers to st7735.o(.data) for Ymin
    st7735.o(i.ST7735_PlotNext) refers to st7735.o(.data) for X
    st7735.o(i.ST7735_PlotNextErase) refers to st7735.o(i.ST7735_Color565) for ST7735_Color565
    st7735.o(i.ST7735_PlotNextErase) refers to st7735.o(i.ST7735_DrawFastVLine) for ST7735_DrawFastVLine
    st7735.o(i.ST7735_PlotNextErase) refers to st7735.o(.data) for X
    st7735.o(i.ST7735_PlotPoint) refers to st7735.o(i.ST7735_DrawPixel) for ST7735_DrawPixel
    st7735.o(i.ST7735_PlotPoint) refers to st7735.o(.data) for Ymin
    st7735.o(i.ST7735_PlotPoints) refers to st7735.o(i.ST7735_DrawPixel) for ST7735_DrawPixel
    st7735.o(i.ST7735_PlotPoints) refers to st7735.o(.data) for Ymin
    st7735.o(i.ST7735_PlotdBfs) refers to st7735.o(i.ST7735_DrawFastVLine) for ST7735_DrawFastVLine
    st7735.o(i.ST7735_PlotdBfs) refers to st7735.o(.constdata) for dBfs
    st7735.o(i.ST7735_PlotdBfs) refers to st7735.o(.data) for X
    st7735.o(i.ST7735_SetCursor) refers to st7735.o(.data) for StX
    st7735.o(i.ST7735_SetRotation) refers to lcd.o(.text) for writecommand
    st7735.o(i.ST7735_SetRotation) refers to st7735.o(.data) for Rotation
    st7735.o(i.ST7735_SetTextColor) refers to st7735.o(.data) for StTextColor
    st7735.o(i.commandList) refers to lcd.o(.text) for writecommand
    st7735.o(i.commandList) refers to st7735.o(i.Delay1ms) for Delay1ms
    st7735.o(i.commonInit) refers to st7735.o(i.Delay1ms) for Delay1ms
    st7735.o(i.commonInit) refers to st7735.o(i.commandList) for commandList
    st7735.o(i.commonInit) refers to st7735.o(.data) for RowStart
    st7735.o(i.fillmessage) refers to st7735.o(.bss) for Message
    st7735.o(i.fillmessage) refers to st7735.o(.data) for Messageindex
    st7735.o(i.fputc) refers to st7735.o(i.ST7735_OutChar) for ST7735_OutChar
    st7735.o(i.pushColor) refers to lcd.o(.text) for writedata
    st7735.o(i.setAddrWindow) refers to lcd.o(.text) for writecommand
    st7735.o(i.setAddrWindow) refers to st7735.o(.data) for ColStart
    snake.o(i.Init_All) refers to texas.o(i.TExaS_Init) for TExaS_Init
    snake.o(i.Init_All) refers to random.o(.text) for Random_Init
    snake.o(i.Init_All) refers to adc.o(i.ADC_Init) for ADC_Init
    snake.o(i.Init_All) refers to st7735.o(i.Output_Init) for Output_Init
    snake.o(i.Init_All) refers to timer0.o(i.Timer0_Init) for Timer0_Init
    snake.o(i.Init_All) refers to sound.o(i.Sound_Init) for Sound_Init
    snake.o(i.Init_All) refers to st7735.o(i.ST7735_InitR) for ST7735_InitR
    snake.o(i.Init_All) refers to switch.o(i.Switch_Init) for Switch_Init
    snake.o(i.Init_All) refers to draw.o(i.Draw_StartScreen) for Draw_StartScreen
    snake.o(i.Init_All) refers to systick.o(i.Delay100ms) for Delay100ms
    snake.o(i.Init_All) refers to st7735.o(i.ST7735_FillScreen) for ST7735_FillScreen
    snake.o(i.Init_All) refers to adc.o(i.Select_Difficulty) for Select_Difficulty
    snake.o(i.Init_All) refers to draw.o(i.Draw_Init) for Draw_Init
    snake.o(i.Init_All) refers to draw.o(i.Draw_Dot) for Draw_Dot
    snake.o(i.main) refers to snake.o(i.Init_All) for Init_All
    snake.o(i.main) refers to draw.o(i.Draw_ScoreScreen) for Draw_ScoreScreen
    snake.o(i.main) refers to systick.o(i.Delay100ms) for Delay100ms
    snake.o(i.main) refers to switch.o(i.Switch_In) for Switch_In
    snake.o(i.main) refers to draw.o(i.Move_Snake) for Move_Snake
    snake.o(i.main) refers to draw.o(i.Dot_Eat) for Dot_Eat
    snake.o(i.main) refers to st7735.o(i.ST7735_FillScreen) for ST7735_FillScreen
    snake.o(i.main) refers to draw.o(i.Draw_LoseScreen) for Draw_LoseScreen
    snake.o(i.main) refers to snake.o(.data) for score
    switch.o(i.Switch_In) refers to sound.o(i.Sound_Play) for Sound_Play
    switch.o(i.Switch_In) refers to snake.o(.data) for mov
    switch.o(i.Switch_Init) refers to switch.o(.data) for RisingEdges
    draw.o(i.Clear_Dot) refers to st7735.o(i.ST7735_DrawBitmap) for ST7735_DrawBitmap
    draw.o(i.Clear_Dot) refers to draw.o(.constdata) for black
    draw.o(i.Clear_Dot) refers to draw.o(.data) for randY
    draw.o(i.Dot_Eat) refers to draw.o(i.Clear_Dot) for Clear_Dot
    draw.o(i.Dot_Eat) refers to draw.o(i.Draw_Dot) for Draw_Dot
    draw.o(i.Dot_Eat) refers to st7735.o(i.ST7735_DrawBitmap) for ST7735_DrawBitmap
    draw.o(i.Dot_Eat) refers to draw.o(.bss) for snakeArr
    draw.o(i.Dot_Eat) refers to draw.o(.data) for randX
    draw.o(i.Dot_Eat) refers to snake.o(.data) for score
    draw.o(i.Dot_Eat) refers to draw.o(.constdata) for white
    draw.o(i.Draw_Dot) refers to random.o(.text) for Random32
    draw.o(i.Draw_Dot) refers to st7735.o(i.ST7735_DrawBitmap) for ST7735_DrawBitmap
    draw.o(i.Draw_Dot) refers to draw.o(.data) for randX
    draw.o(i.Draw_Dot) refers to draw.o(.constdata) for red
    draw.o(i.Draw_Init) refers to random.o(.text) for Random32
    draw.o(i.Draw_Init) refers to draw.o(i.Move_Right) for Move_Right
    draw.o(i.Draw_Init) refers to draw.o(.bss) for snakeArr
    draw.o(i.Draw_Init) refers to draw.o(.data) for randX
    draw.o(i.Draw_LoseScreen) refers to st7735.o(i.ST7735_FillScreen) for ST7735_FillScreen
    draw.o(i.Draw_LoseScreen) refers to st7735.o(i.ST7735_DrawBitmap) for ST7735_DrawBitmap
    draw.o(i.Draw_LoseScreen) refers to draw.o(.constdata) for shrug
    draw.o(i.Draw_ScoreScreen) refers to st7735.o(i.ST7735_SetCursor) for ST7735_SetCursor
    draw.o(i.Draw_ScoreScreen) refers to print.o(.text) for LCD_OutDec
    draw.o(i.Draw_StartScreen) refers to st7735.o(i.ST7735_DrawBitmap) for ST7735_DrawBitmap
    draw.o(i.Draw_StartScreen) refers to draw.o(.constdata) for startscreen
    draw.o(i.Move_Down) refers to st7735.o(i.ST7735_DrawBitmap) for ST7735_DrawBitmap
    draw.o(i.Move_Down) refers to draw.o(i.Dot_Eat) for Dot_Eat
    draw.o(i.Move_Down) refers to draw.o(.bss) for snakeArr
    draw.o(i.Move_Down) refers to draw.o(.constdata) for white
    draw.o(i.Move_Down) refers to snake.o(.data) for loseCondition
    draw.o(i.Move_Left) refers to st7735.o(i.ST7735_DrawBitmap) for ST7735_DrawBitmap
    draw.o(i.Move_Left) refers to draw.o(i.Dot_Eat) for Dot_Eat
    draw.o(i.Move_Left) refers to draw.o(.bss) for snakeArr
    draw.o(i.Move_Left) refers to draw.o(.constdata) for white
    draw.o(i.Move_Left) refers to snake.o(.data) for loseCondition
    draw.o(i.Move_Right) refers to st7735.o(i.ST7735_DrawBitmap) for ST7735_DrawBitmap
    draw.o(i.Move_Right) refers to draw.o(i.Dot_Eat) for Dot_Eat
    draw.o(i.Move_Right) refers to draw.o(.bss) for snakeArr
    draw.o(i.Move_Right) refers to draw.o(.constdata) for white
    draw.o(i.Move_Right) refers to snake.o(.data) for loseCondition
    draw.o(i.Move_Snake) refers to draw.o(i.Move_Right) for Move_Right
    draw.o(i.Move_Snake) refers to draw.o(i.Move_Left) for Move_Left
    draw.o(i.Move_Snake) refers to draw.o(i.Move_Down) for Move_Down
    draw.o(i.Move_Snake) refers to draw.o(i.Move_Up) for Move_Up
    draw.o(i.Move_Snake) refers to st7735.o(i.ST7735_DrawBitmap) for ST7735_DrawBitmap
    draw.o(i.Move_Snake) refers to draw.o(i.ADelay1ms) for ADelay1ms
    draw.o(i.Move_Snake) refers to draw.o(i.Dot_Eat) for Dot_Eat
    draw.o(i.Move_Snake) refers to snake.o(.data) for mov
    draw.o(i.Move_Snake) refers to draw.o(.bss) for snakeArr
    draw.o(i.Move_Snake) refers to draw.o(.data) for x
    draw.o(i.Move_Snake) refers to draw.o(.constdata) for black
    draw.o(i.Move_Up) refers to st7735.o(i.ST7735_DrawBitmap) for ST7735_DrawBitmap
    draw.o(i.Move_Up) refers to draw.o(i.Dot_Eat) for Dot_Eat
    draw.o(i.Move_Up) refers to draw.o(.bss) for snakeArr
    draw.o(i.Move_Up) refers to draw.o(.constdata) for white
    draw.o(i.Move_Up) refers to snake.o(.data) for loseCondition
    systick.o(i.SysTick_Wait10ms) refers to systick.o(i.SysTick_Wait) for SysTick_Wait
    timer0.o(i.Timer0A_Handler) refers to snake.o(.data) for delay
    texas.o(i.SetCode) refers to texas.o(.bss) for TExaS
    texas.o(i.SetCourse) refers to texas.o(.bss) for TExaS
    texas.o(i.SetMode) refers to texas.o(.bss) for TExaS
    texas.o(i.StartTimer4) refers to texas.o(.data) for ScopeCount
    texas.o(i.TExaS_Init) refers to texas.o(i.PLL_Init) for PLL_Init
    texas.o(i.TExaS_Init) refers to texas.o(i.SetCourse) for SetCourse
    texas.o(i.TExaS_Init) refers to texas.o(i.UART0_Init) for UART0_Init
    texas.o(i.TExaS_Init) refers to texas.o(i.SetCode) for SetCode
    texas.o(i.TExaS_Init) refers to texas.o(i.ADC1_Init) for ADC1_Init
    texas.o(i.TExaS_Init) refers to texas.o(.constdata) for IntroMsg
    texas.o(i.TExaS_Init) refers to texas.o(.bss) for TExaS
    texas.o(i.TExaS_Init) refers to texas.o(.data) for LastMode
    texas.o(i.Timer5A_Handler) refers to texas.o(i.ADC1_In) for ADC1_In
    texas.o(i.Timer5A_Handler) refers to texas.o(.data) for TExaS_Period
    __main.o(!!!main) refers to rtentry.o(.ARM.Collect$$rtentry$$00000000) for __rt_entry
    rtentry.o(.ARM.Collect$$rtentry$$00000000) refers (Special) to rtentry2.o(.ARM.Collect$$rtentry$$0000000A) for __rt_entry_li
    rtentry.o(.ARM.Collect$$rtentry$$00000000) refers (Special) to rtentry2.o(.ARM.Collect$$rtentry$$0000000D) for __rt_entry_main
    rtentry.o(.ARM.Collect$$rtentry$$00000000) refers (Special) to rtentry2.o(.ARM.Collect$$rtentry$$0000000C) for __rt_entry_postli_1
    rtentry.o(.ARM.Collect$$rtentry$$00000000) refers (Special) to rtentry2.o(.ARM.Collect$$rtentry$$00000009) for __rt_entry_postsh_1
    rtentry.o(.ARM.Collect$$rtentry$$00000000) refers (Special) to rtentry2.o(.ARM.Collect$$rtentry$$00000002) for __rt_entry_presh_1
    rtentry.o(.ARM.Collect$$rtentry$$00000000) refers (Special) to rtentry4.o(.ARM.Collect$$rtentry$$00000004) for __rt_entry_sh
    rtentry2.o(.ARM.Collect$$rtentry$$00000008) refers to boardinit2.o(.text) for _platform_post_stackheap_init
    rtentry2.o(.ARM.Collect$$rtentry$$0000000A) refers to libinit.o(.ARM.Collect$$libinit$$00000000) for __rt_lib_init
    rtentry2.o(.ARM.Collect$$rtentry$$0000000B) refers to boardinit3.o(.text) for _platform_post_lib_init
    rtentry2.o(.ARM.Collect$$rtentry$$0000000D) refers to snake.o(i.main) for main
    rtentry2.o(.ARM.Collect$$rtentry$$0000000D) refers to exit.o(.text) for exit
    rtentry2.o(.ARM.exidx) refers to rtentry2.o(.ARM.Collect$$rtentry$$00000001) for .ARM.Collect$$rtentry$$00000001
    rtentry2.o(.ARM.exidx) refers to rtentry2.o(.ARM.Collect$$rtentry$$00000008) for .ARM.Collect$$rtentry$$00000008
    rtentry2.o(.ARM.exidx) refers to rtentry2.o(.ARM.Collect$$rtentry$$0000000A) for .ARM.Collect$$rtentry$$0000000A
    rtentry2.o(.ARM.exidx) refers to rtentry2.o(.ARM.Collect$$rtentry$$0000000B) for .ARM.Collect$$rtentry$$0000000B
    rtentry2.o(.ARM.exidx) refers to rtentry2.o(.ARM.Collect$$rtentry$$0000000D) for .ARM.Collect$$rtentry$$0000000D
    rtentry4.o(.ARM.Collect$$rtentry$$00000004) refers to sys_stackheap_outer.o(.text) for __user_setup_stackheap
    rtentry4.o(.ARM.exidx) refers to rtentry4.o(.ARM.Collect$$rtentry$$00000004) for .ARM.Collect$$rtentry$$00000004
    sys_stackheap_outer.o(.text) refers to libspace.o(.text) for __user_perproc_libspace
    sys_stackheap_outer.o(.text) refers to startup.o(.text) for __user_initial_stackheap
    exit.o(.text) refers to rtexit.o(.ARM.Collect$$rtexit$$00000000) for __rt_exit
    libinit.o(.ARM.Collect$$libinit$$00000000) refers (Special) to libinit2.o(.ARM.Collect$$libinit$$0000002C) for __rt_lib_init_alloca_1
    libinit.o(.ARM.Collect$$libinit$$00000000) refers (Special) to libinit2.o(.ARM.Collect$$libinit$$0000002A) for __rt_lib_init_argv_1
    libinit.o(.ARM.Collect$$libinit$$00000000) refers (Special) to libinit2.o(.ARM.Collect$$libinit$$00000019) for __rt_lib_init_atexit_1
    libinit.o(.ARM.Collect$$libinit$$00000000) refers (Special) to libinit2.o(.ARM.Collect$$libinit$$0000001F) for __rt_lib_init_clock_1
    libinit.o(.ARM.Collect$$libinit$$00000000) refers (Special) to libinit2.o(.ARM.Collect$$libinit$$00000030) for __rt_lib_init_cpp_1
    libinit.o(.ARM.Collect$$libinit$$00000000) refers (Special) to libinit2.o(.ARM.Collect$$libinit$$0000002E) for __rt_lib_init_exceptions_1
    libinit.o(.ARM.Collect$$libinit$$00000000) refers (Special) to libinit2.o(.ARM.Collect$$libinit$$00000002) for __rt_lib_init_fp_1
    libinit.o(.ARM.Collect$$libinit$$00000000) refers (Special) to libinit2.o(.ARM.Collect$$libinit$$0000001D) for __rt_lib_init_fp_trap_1
    libinit.o(.ARM.Collect$$libinit$$00000000) refers (Special) to libinit2.o(.ARM.Collect$$libinit$$00000021) for __rt_lib_init_getenv_1
    libinit.o(.ARM.Collect$$libinit$$00000000) refers (Special) to libinit2.o(.ARM.Collect$$libinit$$00000008) for __rt_lib_init_heap_1
    libinit.o(.ARM.Collect$$libinit$$00000000) refers (Special) to libinit2.o(.ARM.Collect$$libinit$$0000000F) for __rt_lib_init_lc_collate_1
    libinit.o(.ARM.Collect$$libinit$$00000000) refers (Special) to libinit2.o(.ARM.Collect$$libinit$$00000011) for __rt_lib_init_lc_ctype_1
    libinit.o(.ARM.Collect$$libinit$$00000000) refers (Special) to libinit2.o(.ARM.Collect$$libinit$$00000013) for __rt_lib_init_lc_monetary_1
    libinit.o(.ARM.Collect$$libinit$$00000000) refers (Special) to libinit2.o(.ARM.Collect$$libinit$$00000015) for __rt_lib_init_lc_numeric_1
    libinit.o(.ARM.Collect$$libinit$$00000000) refers (Special) to libinit2.o(.ARM.Collect$$libinit$$00000017) for __rt_lib_init_lc_time_1
    libinit.o(.ARM.Collect$$libinit$$00000000) refers (Special) to libinit2.o(.ARM.Collect$$libinit$$0000000C) for __rt_lib_init_rand_1
    libinit.o(.ARM.Collect$$libinit$$00000000) refers (Special) to libinit2.o(.ARM.Collect$$libinit$$00000031) for __rt_lib_init_return
    libinit.o(.ARM.Collect$$libinit$$00000000) refers (Special) to libinit2.o(.ARM.Collect$$libinit$$0000001B) for __rt_lib_init_signal_1
    libinit.o(.ARM.Collect$$libinit$$00000000) refers (Special) to libinit2.o(.ARM.Collect$$libinit$$00000023) for __rt_lib_init_stdio_1
    libinit.o(.ARM.Collect$$libinit$$00000000) refers (Special) to libinit2.o(.ARM.Collect$$libinit$$0000000A) for __rt_lib_init_user_alloc_1
    libspace.o(.text) refers to libspace.o(.bss) for __libspace_start
    rtexit.o(.ARM.Collect$$rtexit$$00000000) refers (Special) to rtexit2.o(.ARM.Collect$$rtexit$$00000004) for __rt_exit_exit
    rtexit.o(.ARM.Collect$$rtexit$$00000000) refers (Special) to rtexit2.o(.ARM.Collect$$rtexit$$00000003) for __rt_exit_ls
    rtexit.o(.ARM.Collect$$rtexit$$00000000) refers (Special) to rtexit2.o(.ARM.Collect$$rtexit$$00000002) for __rt_exit_prels_1
    rtexit.o(.ARM.exidx) refers (Special) to rtexit2.o(.ARM.Collect$$rtexit$$00000004) for __rt_exit_exit
    rtexit.o(.ARM.exidx) refers (Special) to rtexit2.o(.ARM.Collect$$rtexit$$00000003) for __rt_exit_ls
    rtexit.o(.ARM.exidx) refers (Special) to rtexit2.o(.ARM.Collect$$rtexit$$00000002) for __rt_exit_prels_1
    rtexit.o(.ARM.exidx) refers to rtexit.o(.ARM.Collect$$rtexit$$00000000) for .ARM.Collect$$rtexit$$00000000
    libinit2.o(.ARM.Collect$$libinit$$0000000E) refers to libinit2.o(.ARM.Collect$$libinit$$0000000D) for .ARM.Collect$$libinit$$0000000D
    libinit2.o(.ARM.Collect$$libinit$$00000010) refers to libinit2.o(.ARM.Collect$$libinit$$0000000D) for .ARM.Collect$$libinit$$0000000D
    libinit2.o(.ARM.Collect$$libinit$$00000012) refers to libinit2.o(.ARM.Collect$$libinit$$0000000D) for .ARM.Collect$$libinit$$0000000D
    libinit2.o(.ARM.Collect$$libinit$$00000014) refers to libinit2.o(.ARM.Collect$$libinit$$0000000D) for .ARM.Collect$$libinit$$0000000D
    libinit2.o(.ARM.Collect$$libinit$$00000016) refers to libinit2.o(.ARM.Collect$$libinit$$0000000D) for .ARM.Collect$$libinit$$0000000D
    libinit2.o(.ARM.Collect$$libinit$$00000024) refers to argv_veneer.o(.emb_text) for __ARM_argv_veneer
    libinit2.o(.ARM.Collect$$libinit$$00000025) refers to argv_veneer.o(.emb_text) for __ARM_argv_veneer
    rtexit2.o(.ARM.Collect$$rtexit$$00000003) refers to libshutdown.o(.ARM.Collect$$libshutdown$$00000000) for __rt_lib_shutdown
    rtexit2.o(.ARM.Collect$$rtexit$$00000004) refers to sys_exit.o(.text) for _sys_exit
    rtexit2.o(.ARM.exidx) refers to rtexit2.o(.ARM.Collect$$rtexit$$00000001) for .ARM.Collect$$rtexit$$00000001
    rtexit2.o(.ARM.exidx) refers to rtexit2.o(.ARM.Collect$$rtexit$$00000003) for .ARM.Collect$$rtexit$$00000003
    rtexit2.o(.ARM.exidx) refers to rtexit2.o(.ARM.Collect$$rtexit$$00000004) for .ARM.Collect$$rtexit$$00000004
    argv_veneer.o(.emb_text) refers to no_argv.o(.text) for __ARM_get_argv
    sys_exit.o(.text) refers (Special) to use_no_semi.o(.text) for __I$use$semihosting
    sys_exit.o(.text) refers (Special) to indicate_semi.o(.text) for __semihosting_library_function
    _get_argv_nomalloc.o(.text) refers (Special) to hrguard.o(.text) for __heap_region$guard
    _get_argv_nomalloc.o(.text) refers to defsig_rtmem_outer.o(.text) for __rt_SIGRTMEM
    _get_argv_nomalloc.o(.text) refers to sys_command.o(.text) for _sys_command_string
    libshutdown.o(.ARM.Collect$$libshutdown$$00000000) refers (Special) to libshutdown2.o(.ARM.Collect$$libshutdown$$00000006) for __rt_lib_shutdown_fp_trap_1
    libshutdown.o(.ARM.Collect$$libshutdown$$00000000) refers (Special) to libshutdown2.o(.ARM.Collect$$libshutdown$$0000000E) for __rt_lib_shutdown_heap_1
    libshutdown.o(.ARM.Collect$$libshutdown$$00000000) refers (Special) to libshutdown2.o(.ARM.Collect$$libshutdown$$0000000F) for __rt_lib_shutdown_return
    libshutdown.o(.ARM.Collect$$libshutdown$$00000000) refers (Special) to libshutdown2.o(.ARM.Collect$$libshutdown$$00000009) for __rt_lib_shutdown_signal_1
    libshutdown.o(.ARM.Collect$$libshutdown$$00000000) refers (Special) to libshutdown2.o(.ARM.Collect$$libshutdown$$00000003) for __rt_lib_shutdown_stdio_1
    libshutdown.o(.ARM.Collect$$libshutdown$$00000000) refers (Special) to libshutdown2.o(.ARM.Collect$$libshutdown$$0000000B) for __rt_lib_shutdown_user_alloc_1
    sys_command.o(.text) refers (Special) to use_no_semi.o(.text) for __I$use$semihosting
    sys_command.o(.text) refers (Special) to indicate_semi.o(.text) for __semihosting_library_function
    defsig_rtmem_outer.o(.text) refers to defsig_rtmem_inner.o(.text) for __rt_SIGRTMEM_inner
    defsig_rtmem_outer.o(.text) refers to defsig_exit.o(.text) for __sig_exit
    defsig_rtmem_formal.o(.text) refers to rt_raise.o(.text) for __rt_raise
    rt_raise.o(.text) refers to __raise.o(.text) for __raise
    rt_raise.o(.text) refers to sys_exit.o(.text) for _sys_exit
    defsig_exit.o(.text) refers to sys_exit.o(.text) for _sys_exit
    defsig_rtmem_inner.o(.text) refers to defsig_general.o(.text) for __default_signal_display
    __raise.o(.text) refers to defsig.o(CL$$defsig) for __default_signal_handler
    defsig_general.o(.text) refers to sys_wrch.o(.text) for _ttywrch
    sys_wrch.o(.text) refers (Special) to use_no_semi.o(.text) for __I$use$semihosting
    sys_wrch.o(.text) refers (Special) to indicate_semi.o(.text) for __semihosting_library_function
    defsig.o(CL$$defsig) refers to defsig_rtmem_inner.o(.text) for __rt_SIGRTMEM_inner
    defsig_abrt_inner.o(.text) refers to defsig_general.o(.text) for __default_signal_display
    defsig_fpe_inner.o(.text) refers to defsig_general.o(.text) for __default_signal_display
    defsig_rtred_inner.o(.text) refers to defsig_general.o(.text) for __default_signal_display
    defsig_stak_inner.o(.text) refers to defsig_general.o(.text) for __default_signal_display
    defsig_pvfn_inner.o(.text) refers to defsig_general.o(.text) for __default_signal_display
    defsig_cppl_inner.o(.text) refers to defsig_general.o(.text) for __default_signal_display
    defsig_segv_inner.o(.text) refers to defsig_general.o(.text) for __default_signal_display
    defsig_other.o(.text) refers to defsig_general.o(.text) for __default_signal_display


==============================================================================

Removing Unused input sections from the image.

    Removing st7735.o(i.Output_Clear), (10 bytes).
    Removing st7735.o(i.Output_Color), (12 bytes).
    Removing st7735.o(i.Output_Off), (8 bytes).
    Removing st7735.o(i.Output_On), (8 bytes).
    Removing st7735.o(i.ST7735_Color565), (24 bytes).
    Removing st7735.o(i.ST7735_DrawChar), (268 bytes).
    Removing st7735.o(i.ST7735_DrawFastHLine), (124 bytes).
    Removing st7735.o(i.ST7735_DrawFastVLine), (124 bytes).
    Removing st7735.o(i.ST7735_InitB), (40 bytes).
    Removing st7735.o(i.ST7735_InvertDisplay), (22 bytes).
    Removing st7735.o(i.ST7735_OutUDec), (140 bytes).
    Removing st7735.o(i.ST7735_PlotBar), (88 bytes).
    Removing st7735.o(i.ST7735_PlotClear), (92 bytes).
    Removing st7735.o(i.ST7735_PlotLine), (264 bytes).
    Removing st7735.o(i.ST7735_PlotNext), (32 bytes).
    Removing st7735.o(i.ST7735_PlotNextErase), (64 bytes).
    Removing st7735.o(i.ST7735_PlotPoint), (152 bytes).
    Removing st7735.o(i.ST7735_PlotPoints), (172 bytes).
    Removing st7735.o(i.ST7735_PlotdBfs), (60 bytes).
    Removing st7735.o(i.ST7735_SetRotation), (212 bytes).
    Removing st7735.o(i.ST7735_SwapColor), (18 bytes).
    Removing st7735.o(i.ferror), (8 bytes).
    Removing st7735.o(i.fgetc), (6 bytes).
    Removing st7735.o(i.fillmessage), (72 bytes).
    Removing st7735.o(i.fputc), (16 bytes).
    Removing st7735.o(.bss), (12 bytes).
    Removing systick.o(i.SysTick_Init), (22 bytes).
    Removing systick.o(i.SysTick_Wait), (32 bytes).
    Removing systick.o(i.SysTick_Wait10ms), (28 bytes).
    Removing texas.o(i.SetMode), (24 bytes).
    Removing texas.o(i.StartTimer4), (36 bytes).
    Removing texas.o(i.StopTimer4), (24 bytes).
    Removing texas.o(i.TExaS_Stop), (28 bytes).
    Removing texas.o(i.UART0_InChar), (24 bytes).
    Removing texas.o(i.UART0_InCharNonBlocking), (28 bytes).
    Removing texas.o(i.UART0_OutChar), (24 bytes).
    Removing texas.o(i.UART0_OutCharNonBlock), (12 bytes).
    Removing texas.o(i.copy), (18 bytes).

38 unused section(s) (total 2348 bytes) removed from the image.

==============================================================================

Image Symbol Table

    Local Symbols

    Symbol Name                              Value     Ov Type        Size  Object(Section)

    RESET                                    0x00000000   Section      644  startup.o(RESET)
    ../clib/angel/boardlib.s                 0x00000000   Number         0  boardshut.o ABSOLUTE
    ../clib/angel/boardlib.s                 0x00000000   Number         0  boardinit1.o ABSOLUTE
    ../clib/angel/boardlib.s                 0x00000000   Number         0  boardinit2.o ABSOLUTE
    ../clib/angel/boardlib.s                 0x00000000   Number         0  boardinit3.o ABSOLUTE
    ../clib/angel/handlers.s                 0x00000000   Number         0  __scatter_zi.o ABSOLUTE
    ../clib/angel/handlers.s                 0x00000000   Number         0  __scatter_copy.o ABSOLUTE
    ../clib/angel/kernel.s                   0x00000000   Number         0  rtexit.o ABSOLUTE
    ../clib/angel/kernel.s                   0x00000000   Number         0  rtexit2.o ABSOLUTE
    ../clib/angel/kernel.s                   0x00000000   Number         0  rtentry.o ABSOLUTE
    ../clib/angel/kernel.s                   0x00000000   Number         0  rtentry2.o ABSOLUTE
    ../clib/angel/kernel.s                   0x00000000   Number         0  rtentry4.o ABSOLUTE
    ../clib/angel/rt.s                       0x00000000   Number         0  rt_raise.o ABSOLUTE
    ../clib/angel/scatter.s                  0x00000000   Number         0  __scatter.o ABSOLUTE
    ../clib/angel/startup.s                  0x00000000   Number         0  __main.o ABSOLUTE
    ../clib/angel/sys.s                      0x00000000   Number         0  use_no_semi.o ABSOLUTE
    ../clib/angel/sys.s                      0x00000000   Number         0  sys_stackheap_outer.o ABSOLUTE
    ../clib/angel/sys.s                      0x00000000   Number         0  libspace.o ABSOLUTE
    ../clib/angel/sys.s                      0x00000000   Number         0  indicate_semi.o ABSOLUTE
    ../clib/angel/sysapp.c                   0x00000000   Number         0  sys_exit.o ABSOLUTE
    ../clib/angel/sysapp.c                   0x00000000   Number         0  sys_command.o ABSOLUTE
    ../clib/angel/sysapp.c                   0x00000000   Number         0  sys_wrch.o ABSOLUTE
    ../clib/armsys.c                         0x00000000   Number         0  _get_argv_nomalloc.o ABSOLUTE
    ../clib/armsys.c                         0x00000000   Number         0  no_argv.o ABSOLUTE
    ../clib/armsys.c                         0x00000000   Number         0  argv_veneer.o ABSOLUTE
    ../clib/armsys.c                         0x00000000   Number         0  argv_veneer.o ABSOLUTE
    ../clib/heapalloc.c                      0x00000000   Number         0  hrguard.o ABSOLUTE
    ../clib/heapaux.c                        0x00000000   Number         0  heapauxi.o ABSOLUTE
    ../clib/libinit.s                        0x00000000   Number         0  libinit.o ABSOLUTE
    ../clib/libinit.s                        0x00000000   Number         0  libshutdown2.o ABSOLUTE
    ../clib/libinit.s                        0x00000000   Number         0  libinit2.o ABSOLUTE
    ../clib/libinit.s                        0x00000000   Number         0  libshutdown.o ABSOLUTE
    ../clib/signal.c                         0x00000000   Number         0  defsig_other.o ABSOLUTE
    ../clib/signal.c                         0x00000000   Number         0  defsig_segv_inner.o ABSOLUTE
    ../clib/signal.c                         0x00000000   Number         0  defsig_cppl_inner.o ABSOLUTE
    ../clib/signal.c                         0x00000000   Number         0  defsig_rtred_inner.o ABSOLUTE
    ../clib/signal.c                         0x00000000   Number         0  defsig_rtmem_inner.o ABSOLUTE
    ../clib/signal.c                         0x00000000   Number         0  defsig_pvfn_inner.o ABSOLUTE
    ../clib/signal.c                         0x00000000   Number         0  defsig_exit.o ABSOLUTE
    ../clib/signal.c                         0x00000000   Number         0  __raise.o ABSOLUTE
    ../clib/signal.c                         0x00000000   Number         0  defsig_rtmem_formal.o ABSOLUTE
    ../clib/signal.c                         0x00000000   Number         0  defsig_general.o ABSOLUTE
    ../clib/signal.c                         0x00000000   Number         0  defsig_abrt_inner.o ABSOLUTE
    ../clib/signal.c                         0x00000000   Number         0  defsig_fpe_inner.o ABSOLUTE
    ../clib/signal.c                         0x00000000   Number         0  defsig_stak_inner.o ABSOLUTE
    ../clib/signal.c                         0x00000000   Number         0  defsig_rtmem_outer.o ABSOLUTE
    ../clib/signal.s                         0x00000000   Number         0  defsig.o ABSOLUTE
    ../clib/stdlib.c                         0x00000000   Number         0  exit.o ABSOLUTE
    ../fplib/fpinit.s                        0x00000000   Number         0  fpinit.o ABSOLUTE
    ADC.c                                    0x00000000   Number         0  adc.o ABSOLUTE
    LCD.s                                    0x00000000   Number         0  lcd.o ABSOLUTE
    Print.s                                  0x00000000   Number         0  print.o ABSOLUTE
    ST7735.c                                 0x00000000   Number         0  st7735.o ABSOLUTE
    Snake.c                                  0x00000000   Number         0  snake.o ABSOLUTE
    Sound.c                                  0x00000000   Number         0  sound.o ABSOLUTE
    SysTick.c                                0x00000000   Number         0  systick.o ABSOLUTE
    TExaS.c                                  0x00000000   Number         0  texas.o ABSOLUTE
    Timer0.c                                 0x00000000   Number         0  timer0.o ABSOLUTE
    dc.s                                     0x00000000   Number         0  dc.o ABSOLUTE
    draw.c                                   0x00000000   Number         0  draw.o ABSOLUTE
    random.s                                 0x00000000   Number         0  random.o ABSOLUTE
    startup.s                                0x00000000   Number         0  startup.o ABSOLUTE
    switch.c                                 0x00000000   Number         0  switch.o ABSOLUTE
    !!!main                                  0x00000284   Section        8  __main.o(!!!main)
    !!!scatter                               0x0000028c   Section       52  __scatter.o(!!!scatter)
    !!handler_copy                           0x000002c0   Section       26  __scatter_copy.o(!!handler_copy)
    !!handler_zi                             0x000002dc   Section       28  __scatter_zi.o(!!handler_zi)
    .ARM.Collect$$libinit$$00000000          0x000002f8   Section        2  libinit.o(.ARM.Collect$$libinit$$00000000)
    .ARM.Collect$$libinit$$00000002          0x000002fa   Section        0  libinit2.o(.ARM.Collect$$libinit$$00000002)
    .ARM.Collect$$libinit$$00000008          0x000002fa   Section        0  libinit2.o(.ARM.Collect$$libinit$$00000008)
    .ARM.Collect$$libinit$$0000000A          0x000002fa   Section        0  libinit2.o(.ARM.Collect$$libinit$$0000000A)
    .ARM.Collect$$libinit$$0000000C          0x000002fa   Section        0  libinit2.o(.ARM.Collect$$libinit$$0000000C)
    .ARM.Collect$$libinit$$0000000F          0x000002fa   Section        0  libinit2.o(.ARM.Collect$$libinit$$0000000F)
    .ARM.Collect$$libinit$$00000011          0x000002fa   Section        0  libinit2.o(.ARM.Collect$$libinit$$00000011)
    .ARM.Collect$$libinit$$00000013          0x000002fa   Section        0  libinit2.o(.ARM.Collect$$libinit$$00000013)
    .ARM.Collect$$libinit$$00000015          0x000002fa   Section        0  libinit2.o(.ARM.Collect$$libinit$$00000015)
    .ARM.Collect$$libinit$$00000017          0x000002fa   Section        0  libinit2.o(.ARM.Collect$$libinit$$00000017)
    .ARM.Collect$$libinit$$00000019          0x000002fa   Section        0  libinit2.o(.ARM.Collect$$libinit$$00000019)
    .ARM.Collect$$libinit$$0000001B          0x000002fa   Section        0  libinit2.o(.ARM.Collect$$libinit$$0000001B)
    .ARM.Collect$$libinit$$0000001D          0x000002fa   Section        0  libinit2.o(.ARM.Collect$$libinit$$0000001D)
    .ARM.Collect$$libinit$$0000001F          0x000002fa   Section        0  libinit2.o(.ARM.Collect$$libinit$$0000001F)
    .ARM.Collect$$libinit$$00000021          0x000002fa   Section        0  libinit2.o(.ARM.Collect$$libinit$$00000021)
    .ARM.Collect$$libinit$$00000023          0x000002fa   Section        0  libinit2.o(.ARM.Collect$$libinit$$00000023)
    .ARM.Collect$$libinit$$0000002A          0x000002fa   Section        0  libinit2.o(.ARM.Collect$$libinit$$0000002A)
    .ARM.Collect$$libinit$$0000002C          0x000002fa   Section        0  libinit2.o(.ARM.Collect$$libinit$$0000002C)
    .ARM.Collect$$libinit$$0000002E          0x000002fa   Section        0  libinit2.o(.ARM.Collect$$libinit$$0000002E)
    .ARM.Collect$$libinit$$00000030          0x000002fa   Section        0  libinit2.o(.ARM.Collect$$libinit$$00000030)
    .ARM.Collect$$libinit$$00000031          0x000002fa   Section        2  libinit2.o(.ARM.Collect$$libinit$$00000031)
    .ARM.Collect$$libshutdown$$00000000      0x000002fc   Section        2  libshutdown.o(.ARM.Collect$$libshutdown$$00000000)
    .ARM.Collect$$libshutdown$$00000003      0x000002fe   Section        0  libshutdown2.o(.ARM.Collect$$libshutdown$$00000003)
    .ARM.Collect$$libshutdown$$00000006      0x000002fe   Section        0  libshutdown2.o(.ARM.Collect$$libshutdown$$00000006)
    .ARM.Collect$$libshutdown$$00000009      0x000002fe   Section        0  libshutdown2.o(.ARM.Collect$$libshutdown$$00000009)
    .ARM.Collect$$libshutdown$$0000000B      0x000002fe   Section        0  libshutdown2.o(.ARM.Collect$$libshutdown$$0000000B)
    .ARM.Collect$$libshutdown$$0000000E      0x000002fe   Section        0  libshutdown2.o(.ARM.Collect$$libshutdown$$0000000E)
    .ARM.Collect$$libshutdown$$0000000F      0x000002fe   Section        2  libshutdown2.o(.ARM.Collect$$libshutdown$$0000000F)
    .ARM.Collect$$rtentry$$00000000          0x00000300   Section        0  rtentry.o(.ARM.Collect$$rtentry$$00000000)
    .ARM.Collect$$rtentry$$00000002          0x00000300   Section        0  rtentry2.o(.ARM.Collect$$rtentry$$00000002)
    .ARM.Collect$$rtentry$$00000004          0x00000300   Section        6  rtentry4.o(.ARM.Collect$$rtentry$$00000004)
    .ARM.Collect$$rtentry$$00000009          0x00000306   Section        0  rtentry2.o(.ARM.Collect$$rtentry$$00000009)
    .ARM.Collect$$rtentry$$0000000A          0x00000306   Section        4  rtentry2.o(.ARM.Collect$$rtentry$$0000000A)
    .ARM.Collect$$rtentry$$0000000C          0x0000030a   Section        0  rtentry2.o(.ARM.Collect$$rtentry$$0000000C)
    .ARM.Collect$$rtentry$$0000000D          0x0000030a   Section        8  rtentry2.o(.ARM.Collect$$rtentry$$0000000D)
    .ARM.Collect$$rtexit$$00000000           0x00000312   Section        2  rtexit.o(.ARM.Collect$$rtexit$$00000000)
    .ARM.Collect$$rtexit$$00000002           0x00000314   Section        0  rtexit2.o(.ARM.Collect$$rtexit$$00000002)
    .ARM.Collect$$rtexit$$00000003           0x00000314   Section        4  rtexit2.o(.ARM.Collect$$rtexit$$00000003)
    .ARM.Collect$$rtexit$$00000004           0x00000318   Section        6  rtexit2.o(.ARM.Collect$$rtexit$$00000004)
    .text                                    0x00000320   Section       48  startup.o(.text)
    .text                                    0x00000350   Section       64  random.o(.text)
    .text                                    0x00000390   Section       80  lcd.o(.text)
    .text                                    0x000003e0   Section      252  print.o(.text)
    .text                                    0x000004dc   Section        0  heapauxi.o(.text)
    .text                                    0x000004e2   Section       74  sys_stackheap_outer.o(.text)
    .text                                    0x0000052c   Section        0  exit.o(.text)
    .text                                    0x00000538   Section        8  libspace.o(.text)
    .text                                    0x00000540   Section        0  sys_exit.o(.text)
    .text                                    0x0000054c   Section        2  use_no_semi.o(.text)
    .text                                    0x0000054e   Section        0  indicate_semi.o(.text)
    i.ADC1_In                                0x00000550   Section        0  texas.o(i.ADC1_In)
    i.ADC1_Init                              0x0000055c   Section        0  texas.o(i.ADC1_Init)
    i.ADC_In                                 0x00000634   Section        0  adc.o(i.ADC_In)
    i.ADC_Init                               0x00000660   Section        0  adc.o(i.ADC_Init)
    i.ADelay1ms                              0x00000734   Section        0  draw.o(i.ADelay1ms)
    i.Clear_Dot                              0x00000754   Section        0  draw.o(i.Clear_Dot)
    i.Convert                                0x0000077c   Section        0  adc.o(i.Convert)
    i.DAC_Init                               0x00000790   Section        0  sound.o(i.DAC_Init)
    i.DAC_Out                                0x000007fc   Section        0  sound.o(i.DAC_Out)
    i.Delay100ms                             0x00000808   Section        0  systick.o(i.Delay100ms)
    i.Delay1ms                               0x0000082c   Section        0  st7735.o(i.Delay1ms)
    i.Dot_Eat                                0x0000084c   Section        0  draw.o(i.Dot_Eat)
    i.Draw_Dot                               0x00000a74   Section        0  draw.o(i.Draw_Dot)
    i.Draw_Init                              0x00000ac0   Section        0  draw.o(i.Draw_Init)
    i.Draw_LoseScreen                        0x00000b70   Section        0  draw.o(i.Draw_LoseScreen)
    i.Draw_ScoreScreen                       0x00000b90   Section        0  draw.o(i.Draw_ScoreScreen)
    i.Draw_StartScreen                       0x00000ba4   Section        0  draw.o(i.Draw_StartScreen)
    i.Init_All                               0x00000bbc   Section        0  snake.o(i.Init_All)
    i.Move_Down                              0x00000c0c   Section        0  draw.o(i.Move_Down)
    i.Move_Left                              0x00000cb0   Section        0  draw.o(i.Move_Left)
    i.Move_Right                             0x00000d50   Section        0  draw.o(i.Move_Right)
    i.Move_Snake                             0x00000df0   Section        0  draw.o(i.Move_Snake)
    i.Move_Up                                0x00001b04   Section        0  draw.o(i.Move_Up)
    i.Output_Init                            0x00001ba8   Section        0  st7735.o(i.Output_Init)
    i.PLL_Init                               0x00001bb8   Section        0  texas.o(i.PLL_Init)
    i.ST7735_DrawBitmap                      0x00001c34   Section        0  st7735.o(i.ST7735_DrawBitmap)
    i.ST7735_DrawCharS                       0x00001d54   Section        0  st7735.o(i.ST7735_DrawCharS)
    i.ST7735_DrawPixel                       0x00001e48   Section        0  st7735.o(i.ST7735_DrawPixel)
    i.ST7735_DrawString                      0x00001e90   Section        0  st7735.o(i.ST7735_DrawString)
    i.ST7735_FillRect                        0x00001ee8   Section        0  st7735.o(i.ST7735_FillRect)
    i.ST7735_FillScreen                      0x00001f94   Section        0  st7735.o(i.ST7735_FillScreen)
    i.ST7735_InitR                           0x00001fb8   Section        0  st7735.o(i.ST7735_InitR)
    i.ST7735_OutChar                         0x00002034   Section        0  st7735.o(i.ST7735_OutChar)
    i.ST7735_OutString                       0x00002108   Section        0  st7735.o(i.ST7735_OutString)
    i.ST7735_SetCursor                       0x00002120   Section        0  st7735.o(i.ST7735_SetCursor)
    i.ST7735_SetTextColor                    0x00002140   Section        0  st7735.o(i.ST7735_SetTextColor)
    i.Select_Difficulty                      0x0000214c   Section        0  adc.o(i.Select_Difficulty)
    i.SetCode                                0x000021c4   Section        0  texas.o(i.SetCode)
    i.SetCourse                              0x000021dc   Section        0  texas.o(i.SetCourse)
    i.Sound_Init                             0x000021f4   Section        0  sound.o(i.Sound_Init)
    i.Sound_Play                             0x00002224   Section        0  sound.o(i.Sound_Play)
    i.Switch_In                              0x0000222c   Section        0  switch.o(i.Switch_In)
    i.Switch_Init                            0x00002278   Section        0  switch.o(i.Switch_Init)
    i.SysTick_Handler                        0x000022e0   Section        0  sound.o(i.SysTick_Handler)
    i.TExaS_Init                             0x00002308   Section        0  texas.o(i.TExaS_Init)
    i.Timer0A_Handler                        0x000024c8   Section        0  timer0.o(i.Timer0A_Handler)
    i.Timer0_Init                            0x000024f4   Section        0  timer0.o(i.Timer0_Init)
    i.Timer4A_Handler                        0x0000254c   Section        0  texas.o(i.Timer4A_Handler)
    i.Timer5A_Handler                        0x0000256c   Section        0  texas.o(i.Timer5A_Handler)
    i.UART0_Init                             0x0000259c   Section        0  texas.o(i.UART0_Init)
    i.commandList                            0x0000265c   Section        0  st7735.o(i.commandList)
    commandList                              0x0000265d   Thumb Code    86  st7735.o(i.commandList)
    i.commonInit                             0x000026b4   Section        0  st7735.o(i.commonInit)
    commonInit                               0x000026b5   Thumb Code   342  st7735.o(i.commonInit)
    i.main                                   0x00002838   Section        0  snake.o(i.main)
    i.pushColor                              0x00002888   Section        0  st7735.o(i.pushColor)
    pushColor                                0x00002889   Thumb Code    18  st7735.o(i.pushColor)
    i.setAddrWindow                          0x0000289c   Section        0  st7735.o(i.setAddrWindow)
    setAddrWindow                            0x0000289d   Thumb Code   106  st7735.o(i.setAddrWindow)
    .constdata                               0x00002910   Section      128  sound.o(.constdata)
    .constdata                               0x00002990   Section     2018  st7735.o(.constdata)
    Font                                     0x00002990   Data        1275  st7735.o(.constdata)
    Bcmd                                     0x00002e8b   Data         103  st7735.o(.constdata)
    Rcmd1                                    0x00002ef2   Data          59  st7735.o(.constdata)
    Rcmd2green                               0x00002f2d   Data          13  st7735.o(.constdata)
    Rcmd2red                                 0x00002f3a   Data          13  st7735.o(.constdata)
    Rcmd3                                    0x00002f47   Data          43  st7735.o(.constdata)
    .constdata                               0x00003172   Section     9432  draw.o(.constdata)
    .constdata                               0x0000564a   Section      360  texas.o(.constdata)
    .data                                    0x20000000   Section       28  adc.o(.data)
    .data                                    0x2000001c   Section        8  sound.o(.data)
    .data                                    0x20000024   Section       44  st7735.o(.data)
    _width                                   0x2000002e   Data           2  st7735.o(.data)
    _height                                  0x20000030   Data           2  st7735.o(.data)
    ColStart                                 0x20000038   Data           1  st7735.o(.data)
    RowStart                                 0x20000039   Data           1  st7735.o(.data)
    Rotation                                 0x2000003a   Data           1  st7735.o(.data)
    TabColor                                 0x2000003b   Data           1  st7735.o(.data)
    .data                                    0x20000050   Section       32  snake.o(.data)
    .data                                    0x20000070   Section        8  switch.o(.data)
    .data                                    0x20000078   Section       28  draw.o(.data)
    .data                                    0x20000094   Section       52  texas.o(.data)
    DATA                                     0x200000c8   Section        4  random.o(DATA)
    M                                        0x200000c8   Data           4  random.o(DATA)
    .bss                                     0x200000cc   Section       80  draw.o(.bss)
    .bss                                     0x20000120   Section       56  texas.o(.bss)
    .bss                                     0x20000158   Section       96  libspace.o(.bss)
    HEAP                                     0x200001b8   Section        0  startup.o(HEAP)
    STACK                                    0x200001b8   Section     1024  startup.o(STACK)
    HeapMem                                  0x200001b8   Data           0  startup.o(HEAP)
    StackMem                                 0x200001b8   Data           0  startup.o(STACK)

    Global Symbols

    Symbol Name                              Value     Ov Type        Size  Object(Section)

    BuildAttributes$$THM_ISAv4$E$P$D$K$B$S$7EM$PE$A:L22UL41UL21$X:L11$S22US41US21$IEEE1$IW$USESV6$~STKCKD$USESV7$~SHL$OSPACE$ROPI$EBA8$UX$STANDARDLIB$REQ8$PRES8$EABIv2 0x00000000   Number         0  anon$$obj.o ABSOLUTE
    __ARM_use_no_argv                        0x00000000   Number         0  snake.o ABSOLUTE
    __Vectors                                0x00000000   Data           0  startup.o(RESET)
    __ARM_exceptions_init                     - Undefined Weak Reference
    __alloca_initialize                       - Undefined Weak Reference
    __cpp_initialize__aeabi_                  - Undefined Weak Reference
    __cxa_finalize                            - Undefined Weak Reference
    __rt_locale                               - Undefined Weak Reference
    __sigvec_lookup                           - Undefined Weak Reference
    _atexit_init                              - Undefined Weak Reference
    _call_atexit_fns                          - Undefined Weak Reference
    _clock_init                               - Undefined Weak Reference
    _fp_trap_init                             - Undefined Weak Reference
    _fp_trap_shutdown                         - Undefined Weak Reference
    _get_lc_collate                           - Undefined Weak Reference
    _get_lc_ctype                             - Undefined Weak Reference
    _get_lc_monetary                          - Undefined Weak Reference
    _get_lc_numeric                           - Undefined Weak Reference
    _get_lc_time                              - Undefined Weak Reference
    _getenv_init                              - Undefined Weak Reference
    _handle_redirection                       - Undefined Weak Reference
    _init_alloc                               - Undefined Weak Reference
    _init_user_alloc                          - Undefined Weak Reference
    _initio                                   - Undefined Weak Reference
    _rand_init                                - Undefined Weak Reference
    _signal_finish                            - Undefined Weak Reference
    _signal_init                              - Undefined Weak Reference
    _terminate_alloc                          - Undefined Weak Reference
    _terminate_user_alloc                     - Undefined Weak Reference
    _terminateio                              - Undefined Weak Reference
    Reset_Handler                            0x0000026d   Thumb Code     0  startup.o(RESET)
    NMI_Handler                              0x00000271   Thumb Code     2  startup.o(RESET)
    HardFault_Handler                        0x00000273   Thumb Code     2  startup.o(RESET)
    MemManage_Handler                        0x00000275   Thumb Code     2  startup.o(RESET)
    BusFault_Handler                         0x00000277   Thumb Code     2  startup.o(RESET)
    UsageFault_Handler                       0x00000279   Thumb Code     2  startup.o(RESET)
    SVC_Handler                              0x0000027b   Thumb Code     2  startup.o(RESET)
    DebugMon_Handler                         0x0000027d   Thumb Code     2  startup.o(RESET)
    PendSV_Handler                           0x0000027f   Thumb Code     2  startup.o(RESET)
    ADC0Seq0_Handler                         0x00000283   Thumb Code     0  startup.o(RESET)
    ADC0Seq1_Handler                         0x00000283   Thumb Code     0  startup.o(RESET)
    ADC0Seq2_Handler                         0x00000283   Thumb Code     0  startup.o(RESET)
    ADC0Seq3_Handler                         0x00000283   Thumb Code     0  startup.o(RESET)
    ADC1Seq0_Handler                         0x00000283   Thumb Code     0  startup.o(RESET)
    ADC1Seq1_Handler                         0x00000283   Thumb Code     0  startup.o(RESET)
    ADC1Seq2_Handler                         0x00000283   Thumb Code     0  startup.o(RESET)
    ADC1Seq3_Handler                         0x00000283   Thumb Code     0  startup.o(RESET)
    CAN0_Handler                             0x00000283   Thumb Code     0  startup.o(RESET)
    CAN1_Handler                             0x00000283   Thumb Code     0  startup.o(RESET)
    CAN2_Handler                             0x00000283   Thumb Code     0  startup.o(RESET)
    Comp0_Handler                            0x00000283   Thumb Code     0  startup.o(RESET)
    Comp1_Handler                            0x00000283   Thumb Code     0  startup.o(RESET)
    Comp2_Handler                            0x00000283   Thumb Code     0  startup.o(RESET)
    Ethernet_Handler                         0x00000283   Thumb Code     0  startup.o(RESET)
    ExtBus_Handler                           0x00000283   Thumb Code     0  startup.o(RESET)
    FPU_Handler                              0x00000283   Thumb Code     0  startup.o(RESET)
    Fan0_Handler                             0x00000283   Thumb Code     0  startup.o(RESET)
    FlashCtl_Handler                         0x00000283   Thumb Code     0  startup.o(RESET)
    GPIOPortA_Handler                        0x00000283   Thumb Code     0  startup.o(RESET)
    GPIOPortB_Handler                        0x00000283   Thumb Code     0  startup.o(RESET)
    GPIOPortC_Handler                        0x00000283   Thumb Code     0  startup.o(RESET)
    GPIOPortD_Handler                        0x00000283   Thumb Code     0  startup.o(RESET)
    GPIOPortE_Handler                        0x00000283   Thumb Code     0  startup.o(RESET)
    GPIOPortF_Handler                        0x00000283   Thumb Code     0  startup.o(RESET)
    GPIOPortG_Handler                        0x00000283   Thumb Code     0  startup.o(RESET)
    GPIOPortH_Handler                        0x00000283   Thumb Code     0  startup.o(RESET)
    GPIOPortJ_Handler                        0x00000283   Thumb Code     0  startup.o(RESET)
    GPIOPortK_Handler                        0x00000283   Thumb Code     0  startup.o(RESET)
    GPIOPortL_Handler                        0x00000283   Thumb Code     0  startup.o(RESET)
    GPIOPortM_Handler                        0x00000283   Thumb Code     0  startup.o(RESET)
    GPIOPortN_Handler                        0x00000283   Thumb Code     0  startup.o(RESET)
    GPIOPortP1_Handler                       0x00000283   Thumb Code     0  startup.o(RESET)
    GPIOPortP2_Handler                       0x00000283   Thumb Code     0  startup.o(RESET)
    GPIOPortP3_Handler                       0x00000283   Thumb Code     0  startup.o(RESET)
    GPIOPortP4_Handler                       0x00000283   Thumb Code     0  startup.o(RESET)
    GPIOPortP5_Handler                       0x00000283   Thumb Code     0  startup.o(RESET)
    GPIOPortP6_Handler                       0x00000283   Thumb Code     0  startup.o(RESET)
    GPIOPortP7_Handler                       0x00000283   Thumb Code     0  startup.o(RESET)
    GPIOPortP_Handler                        0x00000283   Thumb Code     0  startup.o(RESET)
    GPIOPortQ1_Handler                       0x00000283   Thumb Code     0  startup.o(RESET)
    GPIOPortQ2_Handler                       0x00000283   Thumb Code     0  startup.o(RESET)
    GPIOPortQ3_Handler                       0x00000283   Thumb Code     0  startup.o(RESET)
    GPIOPortQ4_Handler                       0x00000283   Thumb Code     0  startup.o(RESET)
    GPIOPortQ5_Handler                       0x00000283   Thumb Code     0  startup.o(RESET)
    GPIOPortQ6_Handler                       0x00000283   Thumb Code     0  startup.o(RESET)
    GPIOPortQ7_Handler                       0x00000283   Thumb Code     0  startup.o(RESET)
    GPIOPortQ_Handler                        0x00000283   Thumb Code     0  startup.o(RESET)
    GPIOPortR_Handler                        0x00000283   Thumb Code     0  startup.o(RESET)
    GPIOPortS_Handler                        0x00000283   Thumb Code     0  startup.o(RESET)
    Hibernate_Handler                        0x00000283   Thumb Code     0  startup.o(RESET)
    I2C0_Handler                             0x00000283   Thumb Code     0  startup.o(RESET)
    I2C1_Handler                             0x00000283   Thumb Code     0  startup.o(RESET)
    I2C2_Handler                             0x00000283   Thumb Code     0  startup.o(RESET)
    I2C3_Handler                             0x00000283   Thumb Code     0  startup.o(RESET)
    I2C4_Handler                             0x00000283   Thumb Code     0  startup.o(RESET)
    I2C5_Handler                             0x00000283   Thumb Code     0  startup.o(RESET)
    I2S0_Handler                             0x00000283   Thumb Code     0  startup.o(RESET)
    LPC0_Handler                             0x00000283   Thumb Code     0  startup.o(RESET)
    PECI0_Handler                            0x00000283   Thumb Code     0  startup.o(RESET)
    PWM0Fault_Handler                        0x00000283   Thumb Code     0  startup.o(RESET)
    PWM0Generator0_Handler                   0x00000283   Thumb Code     0  startup.o(RESET)
    PWM0Generator1_Handler                   0x00000283   Thumb Code     0  startup.o(RESET)
    PWM0Generator2_Handler                   0x00000283   Thumb Code     0  startup.o(RESET)
    PWM0Generator3_Handler                   0x00000283   Thumb Code     0  startup.o(RESET)
    PWM1Fault_Handler                        0x00000283   Thumb Code     0  startup.o(RESET)
    PWM1Generator0_Handler                   0x00000283   Thumb Code     0  startup.o(RESET)
    PWM1Generator1_Handler                   0x00000283   Thumb Code     0  startup.o(RESET)
    PWM1Generator2_Handler                   0x00000283   Thumb Code     0  startup.o(RESET)
    PWM1Generator3_Handler                   0x00000283   Thumb Code     0  startup.o(RESET)
    Quadrature0_Handler                      0x00000283   Thumb Code     0  startup.o(RESET)
    Quadrature1_Handler                      0x00000283   Thumb Code     0  startup.o(RESET)
    Quadrature2_Handler                      0x00000283   Thumb Code     0  startup.o(RESET)
    SSI0_Handler                             0x00000283   Thumb Code     0  startup.o(RESET)
    SSI1_Handler                             0x00000283   Thumb Code     0  startup.o(RESET)
    SSI2_Handler                             0x00000283   Thumb Code     0  startup.o(RESET)
    SSI3_Handler                             0x00000283   Thumb Code     0  startup.o(RESET)
    SysCtl_Handler                           0x00000283   Thumb Code     0  startup.o(RESET)
    Timer0B_Handler                          0x00000283   Thumb Code     0  startup.o(RESET)
    Timer1A_Handler                          0x00000283   Thumb Code     0  startup.o(RESET)
    Timer1B_Handler                          0x00000283   Thumb Code     0  startup.o(RESET)
    Timer2A_Handler                          0x00000283   Thumb Code     0  startup.o(RESET)
    Timer2B_Handler                          0x00000283   Thumb Code     0  startup.o(RESET)
    Timer3A_Handler                          0x00000283   Thumb Code     0  startup.o(RESET)
    Timer3B_Handler                          0x00000283   Thumb Code     0  startup.o(RESET)
    Timer4B_Handler                          0x00000283   Thumb Code     0  startup.o(RESET)
    Timer5B_Handler                          0x00000283   Thumb Code     0  startup.o(RESET)
    UART0_Handler                            0x00000283   Thumb Code     0  startup.o(RESET)
    UART1_Handler                            0x00000283   Thumb Code     0  startup.o(RESET)
    UART2_Handler                            0x00000283   Thumb Code     0  startup.o(RESET)
    UART3_Handler                            0x00000283   Thumb Code     0  startup.o(RESET)
    UART4_Handler                            0x00000283   Thumb Code     0  startup.o(RESET)
    UART5_Handler                            0x00000283   Thumb Code     0  startup.o(RESET)
    UART6_Handler                            0x00000283   Thumb Code     0  startup.o(RESET)
    UART7_Handler                            0x00000283   Thumb Code     0  startup.o(RESET)
    USB0_Handler                             0x00000283   Thumb Code     0  startup.o(RESET)
    WDT_Handler                              0x00000283   Thumb Code     0  startup.o(RESET)
    WideTimer0A_Handler                      0x00000283   Thumb Code     0  startup.o(RESET)
    WideTimer0B_Handler                      0x00000283   Thumb Code     0  startup.o(RESET)
    WideTimer1A_Handler                      0x00000283   Thumb Code     0  startup.o(RESET)
    WideTimer1B_Handler                      0x00000283   Thumb Code     0  startup.o(RESET)
    WideTimer2A_Handler                      0x00000283   Thumb Code     0  startup.o(RESET)
    WideTimer2B_Handler                      0x00000283   Thumb Code     0  startup.o(RESET)
    WideTimer3A_Handler                      0x00000283   Thumb Code     0  startup.o(RESET)
    WideTimer3B_Handler                      0x00000283   Thumb Code     0  startup.o(RESET)
    WideTimer4A_Handler                      0x00000283   Thumb Code     0  startup.o(RESET)
    WideTimer4B_Handler                      0x00000283   Thumb Code     0  startup.o(RESET)
    WideTimer5A_Handler                      0x00000283   Thumb Code     0  startup.o(RESET)
    WideTimer5B_Handler                      0x00000283   Thumb Code     0  startup.o(RESET)
    uDMA_Error                               0x00000283   Thumb Code     0  startup.o(RESET)
    uDMA_Handler                             0x00000283   Thumb Code     0  startup.o(RESET)
    __main                                   0x00000285   Thumb Code     8  __main.o(!!!main)
    __scatterload                            0x0000028d   Thumb Code     0  __scatter.o(!!!scatter)
    __scatterload_rt2                        0x0000028d   Thumb Code    44  __scatter.o(!!!scatter)
    __scatterload_rt2_thumb_only             0x0000028d   Thumb Code     0  __scatter.o(!!!scatter)
    __scatterload_null                       0x0000029b   Thumb Code     0  __scatter.o(!!!scatter)
    __scatterload_copy                       0x000002c1   Thumb Code    26  __scatter_copy.o(!!handler_copy)
    __scatterload_zeroinit                   0x000002dd   Thumb Code    28  __scatter_zi.o(!!handler_zi)
    __rt_lib_init                            0x000002f9   Thumb Code     0  libinit.o(.ARM.Collect$$libinit$$00000000)
    __rt_lib_init_alloca_1                   0x000002fb   Thumb Code     0  libinit2.o(.ARM.Collect$$libinit$$0000002C)
    __rt_lib_init_argv_1                     0x000002fb   Thumb Code     0  libinit2.o(.ARM.Collect$$libinit$$0000002A)
    __rt_lib_init_atexit_1                   0x000002fb   Thumb Code     0  libinit2.o(.ARM.Collect$$libinit$$00000019)
    __rt_lib_init_clock_1                    0x000002fb   Thumb Code     0  libinit2.o(.ARM.Collect$$libinit$$0000001F)
    __rt_lib_init_cpp_1                      0x000002fb   Thumb Code     0  libinit2.o(.ARM.Collect$$libinit$$00000030)
    __rt_lib_init_exceptions_1               0x000002fb   Thumb Code     0  libinit2.o(.ARM.Collect$$libinit$$0000002E)
    __rt_lib_init_fp_1                       0x000002fb   Thumb Code     0  libinit2.o(.ARM.Collect$$libinit$$00000002)
    __rt_lib_init_fp_trap_1                  0x000002fb   Thumb Code     0  libinit2.o(.ARM.Collect$$libinit$$0000001D)
    __rt_lib_init_getenv_1                   0x000002fb   Thumb Code     0  libinit2.o(.ARM.Collect$$libinit$$00000021)
    __rt_lib_init_heap_1                     0x000002fb   Thumb Code     0  libinit2.o(.ARM.Collect$$libinit$$00000008)
    __rt_lib_init_lc_collate_1               0x000002fb   Thumb Code     0  libinit2.o(.ARM.Collect$$libinit$$0000000F)
    __rt_lib_init_lc_ctype_1                 0x000002fb   Thumb Code     0  libinit2.o(.ARM.Collect$$libinit$$00000011)
    __rt_lib_init_lc_monetary_1              0x000002fb   Thumb Code     0  libinit2.o(.ARM.Collect$$libinit$$00000013)
    __rt_lib_init_lc_numeric_1               0x000002fb   Thumb Code     0  libinit2.o(.ARM.Collect$$libinit$$00000015)
    __rt_lib_init_lc_time_1                  0x000002fb   Thumb Code     0  libinit2.o(.ARM.Collect$$libinit$$00000017)
    __rt_lib_init_rand_1                     0x000002fb   Thumb Code     0  libinit2.o(.ARM.Collect$$libinit$$0000000C)
    __rt_lib_init_return                     0x000002fb   Thumb Code     0  libinit2.o(.ARM.Collect$$libinit$$00000031)
    __rt_lib_init_signal_1                   0x000002fb   Thumb Code     0  libinit2.o(.ARM.Collect$$libinit$$0000001B)
    __rt_lib_init_stdio_1                    0x000002fb   Thumb Code     0  libinit2.o(.ARM.Collect$$libinit$$00000023)
    __rt_lib_init_user_alloc_1               0x000002fb   Thumb Code     0  libinit2.o(.ARM.Collect$$libinit$$0000000A)
    __rt_lib_shutdown                        0x000002fd   Thumb Code     0  libshutdown.o(.ARM.Collect$$libshutdown$$00000000)
    __rt_lib_shutdown_fp_trap_1              0x000002ff   Thumb Code     0  libshutdown2.o(.ARM.Collect$$libshutdown$$00000006)
    __rt_lib_shutdown_heap_1                 0x000002ff   Thumb Code     0  libshutdown2.o(.ARM.Collect$$libshutdown$$0000000E)
    __rt_lib_shutdown_return                 0x000002ff   Thumb Code     0  libshutdown2.o(.ARM.Collect$$libshutdown$$0000000F)
    __rt_lib_shutdown_signal_1               0x000002ff   Thumb Code     0  libshutdown2.o(.ARM.Collect$$libshutdown$$00000009)
    __rt_lib_shutdown_stdio_1                0x000002ff   Thumb Code     0  libshutdown2.o(.ARM.Collect$$libshutdown$$00000003)
    __rt_lib_shutdown_user_alloc_1           0x000002ff   Thumb Code     0  libshutdown2.o(.ARM.Collect$$libshutdown$$0000000B)
    __rt_entry                               0x00000301   Thumb Code     0  rtentry.o(.ARM.Collect$$rtentry$$00000000)
    __rt_entry_presh_1                       0x00000301   Thumb Code     0  rtentry2.o(.ARM.Collect$$rtentry$$00000002)
    __rt_entry_sh                            0x00000301   Thumb Code     0  rtentry4.o(.ARM.Collect$$rtentry$$00000004)
    __rt_entry_li                            0x00000307   Thumb Code     0  rtentry2.o(.ARM.Collect$$rtentry$$0000000A)
    __rt_entry_postsh_1                      0x00000307   Thumb Code     0  rtentry2.o(.ARM.Collect$$rtentry$$00000009)
    __rt_entry_main                          0x0000030b   Thumb Code     0  rtentry2.o(.ARM.Collect$$rtentry$$0000000D)
    __rt_entry_postli_1                      0x0000030b   Thumb Code     0  rtentry2.o(.ARM.Collect$$rtentry$$0000000C)
    __rt_exit                                0x00000313   Thumb Code     0  rtexit.o(.ARM.Collect$$rtexit$$00000000)
    __rt_exit_ls                             0x00000315   Thumb Code     0  rtexit2.o(.ARM.Collect$$rtexit$$00000003)
    __rt_exit_prels_1                        0x00000315   Thumb Code     0  rtexit2.o(.ARM.Collect$$rtexit$$00000002)
    __rt_exit_exit                           0x00000319   Thumb Code     0  rtexit2.o(.ARM.Collect$$rtexit$$00000004)
    DisableInterrupts                        0x00000321   Thumb Code     0  startup.o(.text)
    EnableInterrupts                         0x00000325   Thumb Code     0  startup.o(.text)
    StartCritical                            0x00000329   Thumb Code     0  startup.o(.text)
    EndCritical                              0x00000331   Thumb Code     0  startup.o(.text)
    WaitForInterrupt                         0x00000337   Thumb Code     0  startup.o(.text)
    __user_initial_stackheap                 0x0000033b   Thumb Code     0  startup.o(.text)
    Random_Init                              0x00000351   Thumb Code     0  random.o(.text)
    Random32                                 0x0000035b   Thumb Code     2  random.o(.text)
    Random                                   0x0000036d   Thumb Code     2  random.o(.text)
    writecommand                             0x00000391   Thumb Code     0  lcd.o(.text)
    writedata                                0x000003b9   Thumb Code     0  lcd.o(.text)
    LCD_OutDec                               0x000003e1   Thumb Code     0  print.o(.text)
    LCD_OutFix                               0x0000044d   Thumb Code     0  print.o(.text)
    __use_two_region_memory                  0x000004dd   Thumb Code     2  heapauxi.o(.text)
    __rt_heap_escrow$2region                 0x000004df   Thumb Code     2  heapauxi.o(.text)
    __rt_heap_expand$2region                 0x000004e1   Thumb Code     2  heapauxi.o(.text)
    __user_setup_stackheap                   0x000004e3   Thumb Code    74  sys_stackheap_outer.o(.text)
    exit                                     0x0000052d   Thumb Code    12  exit.o(.text)
    __user_libspace                          0x00000539   Thumb Code     8  libspace.o(.text)
    __user_perproc_libspace                  0x00000539   Thumb Code     0  libspace.o(.text)
    __user_perthread_libspace                0x00000539   Thumb Code     0  libspace.o(.text)
    _sys_exit                                0x00000541   Thumb Code     8  sys_exit.o(.text)
    __I$use$semihosting                      0x0000054d   Thumb Code     0  use_no_semi.o(.text)
    __use_no_semihosting_swi                 0x0000054d   Thumb Code     2  use_no_semi.o(.text)
    __semihosting_library_function           0x0000054f   Thumb Code     0  indicate_semi.o(.text)
    ADC1_In                                  0x00000551   Thumb Code     6  texas.o(i.ADC1_In)
    ADC1_Init                                0x0000055d   Thumb Code   170  texas.o(i.ADC1_Init)
    ADC_In                                   0x00000635   Thumb Code    36  adc.o(i.ADC_In)
    ADC_Init                                 0x00000661   Thumb Code   186  adc.o(i.ADC_Init)
    ADelay1ms                                0x00000735   Thumb Code    32  draw.o(i.ADelay1ms)
    Clear_Dot                                0x00000755   Thumb Code    28  draw.o(i.Clear_Dot)
    Convert                                  0x0000077d   Thumb Code    18  adc.o(i.Convert)
    DAC_Init                                 0x00000791   Thumb Code    78  sound.o(i.DAC_Init)
    DAC_Out                                  0x000007fd   Thumb Code     8  sound.o(i.DAC_Out)
    Delay100ms                               0x00000809   Thumb Code    30  systick.o(i.Delay100ms)
    Delay1ms                                 0x0000082d   Thumb Code    32  st7735.o(i.Delay1ms)
    Dot_Eat                                  0x0000084d   Thumb Code   518  draw.o(i.Dot_Eat)
    Draw_Dot                                 0x00000a75   Thumb Code    64  draw.o(i.Draw_Dot)
    Draw_Init                                0x00000ac1   Thumb Code   156  draw.o(i.Draw_Init)
    Draw_LoseScreen                          0x00000b71   Thumb Code    26  draw.o(i.Draw_LoseScreen)
    Draw_ScoreScreen                         0x00000b91   Thumb Code    20  draw.o(i.Draw_ScoreScreen)
    Draw_StartScreen                         0x00000ba5   Thumb Code    20  draw.o(i.Draw_StartScreen)
    Init_All                                 0x00000bbd   Thumb Code    76  snake.o(i.Init_All)
    Move_Down                                0x00000c0d   Thumb Code   144  draw.o(i.Move_Down)
    Move_Left                                0x00000cb1   Thumb Code   138  draw.o(i.Move_Left)
    Move_Right                               0x00000d51   Thumb Code   138  draw.o(i.Move_Right)
    Move_Snake                               0x00000df1   Thumb Code  3308  draw.o(i.Move_Snake)
    Move_Up                                  0x00001b05   Thumb Code   144  draw.o(i.Move_Up)
    Output_Init                              0x00001ba9   Thumb Code    16  st7735.o(i.Output_Init)
    PLL_Init                                 0x00001bb9   Thumb Code   118  texas.o(i.PLL_Init)
    ST7735_DrawBitmap                        0x00001c35   Thumb Code   280  st7735.o(i.ST7735_DrawBitmap)
    ST7735_DrawCharS                         0x00001d55   Thumb Code   232  st7735.o(i.ST7735_DrawCharS)
    ST7735_DrawPixel                         0x00001e49   Thumb Code    64  st7735.o(i.ST7735_DrawPixel)
    ST7735_DrawString                        0x00001e91   Thumb Code    86  st7735.o(i.ST7735_DrawString)
    ST7735_FillRect                          0x00001ee9   Thumb Code   164  st7735.o(i.ST7735_FillRect)
    ST7735_FillScreen                        0x00001f95   Thumb Code    28  st7735.o(i.ST7735_FillScreen)
    ST7735_InitR                             0x00001fb9   Thumb Code    90  st7735.o(i.ST7735_InitR)
    ST7735_OutChar                           0x00002035   Thumb Code   176  st7735.o(i.ST7735_OutChar)
    ST7735_OutString                         0x00002109   Thumb Code    24  st7735.o(i.ST7735_OutString)
    ST7735_SetCursor                         0x00002121   Thumb Code    22  st7735.o(i.ST7735_SetCursor)
    ST7735_SetTextColor                      0x00002141   Thumb Code     6  st7735.o(i.ST7735_SetTextColor)
    Select_Difficulty                        0x0000214d   Thumb Code   100  adc.o(i.Select_Difficulty)
    SetCode                                  0x000021c5   Thumb Code    20  texas.o(i.SetCode)
    SetCourse                                0x000021dd   Thumb Code    20  texas.o(i.SetCourse)
    Sound_Init                               0x000021f5   Thumb Code    44  sound.o(i.Sound_Init)
    Sound_Play                               0x00002225   Thumb Code     8  sound.o(i.Sound_Play)
    Switch_In                                0x0000222d   Thumb Code    64  switch.o(i.Switch_In)
    Switch_Init                              0x00002279   Thumb Code    84  switch.o(i.Switch_Init)
    SysTick_Handler                          0x000022e1   Thumb Code    32  sound.o(i.SysTick_Handler)
    TExaS_Init                               0x00002309   Thumb Code   324  texas.o(i.TExaS_Init)
    Timer0A_Handler                          0x000024c9   Thumb Code    30  timer0.o(i.Timer0A_Handler)
    Timer0_Init                              0x000024f5   Thumb Code    72  timer0.o(i.Timer0_Init)
    Timer4A_Handler                          0x0000254d   Thumb Code    20  texas.o(i.Timer4A_Handler)
    Timer5A_Handler                          0x0000256d   Thumb Code    34  texas.o(i.Timer5A_Handler)
    UART0_Init                               0x0000259d   Thumb Code   160  texas.o(i.UART0_Init)
    main                                     0x00002839   Thumb Code    68  snake.o(i.main)
    preciseWave                              0x00002910   Data         128  sound.o(.constdata)
    dBfs                                     0x00002f72   Data         512  st7735.o(.constdata)
    white                                    0x00003172   Data         128  draw.o(.constdata)
    red                                      0x000031f2   Data         128  draw.o(.constdata)
    black                                    0x00003272   Data         128  draw.o(.constdata)
    shrug                                    0x000032f2   Data        4212  draw.o(.constdata)
    startscreen                              0x00004366   Data        4836  draw.o(.constdata)
    NoInputMsg                               0x0000564a   Data          40  texas.o(.constdata)
    OutputPortMsg0                           0x00005672   Data          40  texas.o(.constdata)
    OutputPortMsg1                           0x0000569a   Data          40  texas.o(.constdata)
    OutputPortMsg2                           0x000056c2   Data          40  texas.o(.constdata)
    OutputPortMsg3                           0x000056ea   Data          40  texas.o(.constdata)
    BlankMsg                                 0x00005712   Data          40  texas.o(.constdata)
    InitializedMsg                           0x0000573a   Data          40  texas.o(.constdata)
    IntroMsg                                 0x00005762   Data          40  texas.o(.constdata)
    DoneMsg                                  0x0000578a   Data          40  texas.o(.constdata)
    Region$$Table$$Base                      0x000057b4   Number         0  anon$$obj.o(Region$$Table)
    Region$$Table$$Limit                     0x000057d4   Number         0  anon$$obj.o(Region$$Table)
    hard                                     0x20000000   Data           7  adc.o(.data)
    easy                                     0x20000007   Data           7  adc.o(.data)
    str                                      0x2000000e   Data          14  adc.o(.data)
    Index                                    0x2000001c   Data           4  sound.o(.data)
    delay1                                   0x20000020   Data           4  sound.o(.data)
    StX                                      0x20000024   Data           4  st7735.o(.data)
    StY                                      0x20000028   Data           4  st7735.o(.data)
    StTextColor                              0x2000002c   Data           2  st7735.o(.data)
    lastj                                    0x20000034   Data           4  st7735.o(.data)
    Messageindex                             0x2000003c   Data           4  st7735.o(.data)
    Ymax                                     0x20000040   Data           4  st7735.o(.data)
    Ymin                                     0x20000044   Data           4  st7735.o(.data)
    X                                        0x20000048   Data           4  st7735.o(.data)
    Yrange                                   0x2000004c   Data           4  st7735.o(.data)
    loseCondition                            0x20000050   Data           1  snake.o(.data)
    snakeLength                              0x20000054   Data           4  snake.o(.data)
    score                                    0x20000058   Data           4  snake.o(.data)
    mov                                      0x2000005c   Data           4  snake.o(.data)
    newdir                                   0x20000060   Data           4  snake.o(.data)
    ateDot                                   0x20000064   Data           4  snake.o(.data)
    delay                                    0x20000068   Data           4  snake.o(.data)
    decrement                                0x2000006c   Data           4  snake.o(.data)
    RisingEdges                              0x20000070   Data           4  switch.o(.data)
    del                                      0x20000074   Data           4  switch.o(.data)
    oldX                                     0x20000078   Data           4  draw.o(.data)
    oldY                                     0x2000007c   Data           4  draw.o(.data)
    randX                                    0x20000080   Data           4  draw.o(.data)
    randY                                    0x20000084   Data           4  draw.o(.data)
    x                                        0x20000088   Data           4  draw.o(.data)
    y                                        0x2000008c   Data           4  draw.o(.data)
    dummy                                    0x20000090   Data           4  draw.o(.data)
    TExaS_Period                             0x20000094   Data           4  texas.o(.data)
    TExaS_Ports                              0x20000098   Data           8  texas.o(.data)
    Display                                  0x200000a0   Data           1  texas.o(.data)
    TExaS_Meter                              0x200000a4   Data           4  texas.o(.data)
    ADCnum                                   0x200000a8   Data           4  texas.o(.data)
    LastMode                                 0x200000ac   Data           4  texas.o(.data)
    bFlag                                    0x200000b0   Data           4  texas.o(.data)
    Count                                    0x200000b4   Data           4  texas.o(.data)
    DelayBetweenTests                        0x200000b8   Data           4  texas.o(.data)
    TExaS_Test                               0x200000bc   Data           4  texas.o(.data)
    ScopeMode                                0x200000c0   Data           4  texas.o(.data)
    ScopeCount                               0x200000c4   Data           4  texas.o(.data)
    snakeArr                                 0x200000cc   Data          80  draw.o(.bss)
    TExaS                                    0x20000120   Data          56  texas.o(.bss)
    __libspace_start                         0x20000158   Data          96  libspace.o(.bss)
    __temporary_stack_top$libspace           0x200001b8   Data           0  libspace.o(.bss)



==============================================================================

Memory Map of the image

  Image Entry point : 0x0000026d

  Load Region LR_1 (Base: 0x00000000, Size: 0x000058a0, Max: 0xffffffff, ABSOLUTE)

    Execution Region ER_RO (Base: 0x00000000, Size: 0x000057d4, Max: 0xffffffff, ABSOLUTE)

    Base Addr    Size         Type   Attr      Idx    E Section Name        Object

    0x00000000   0x00000284   Code   RO            3  * RESET               startup.o
    0x00000284   0x00000008   Code   RO          700  * !!!main             c_w.l(__main.o)
    0x0000028c   0x00000034   Code   RO          854    !!!scatter          c_w.l(__scatter.o)
    0x000002c0   0x0000001a   Code   RO          856    !!handler_copy      c_w.l(__scatter_copy.o)
    0x000002da   0x00000002   PAD
    0x000002dc   0x0000001c   Code   RO          858    !!handler_zi        c_w.l(__scatter_zi.o)
    0x000002f8   0x00000002   Code   RO          727    .ARM.Collect$$libinit$$00000000  c_w.l(libinit.o)
    0x000002fa   0x00000000   Code   RO          734    .ARM.Collect$$libinit$$00000002  c_w.l(libinit2.o)
    0x000002fa   0x00000000   Code   RO          737    .ARM.Collect$$libinit$$00000008  c_w.l(libinit2.o)
    0x000002fa   0x00000000   Code   RO          739    .ARM.Collect$$libinit$$0000000A  c_w.l(libinit2.o)
    0x000002fa   0x00000000   Code   RO          741    .ARM.Collect$$libinit$$0000000C  c_w.l(libinit2.o)
    0x000002fa   0x00000000   Code   RO          744    .ARM.Collect$$libinit$$0000000F  c_w.l(libinit2.o)
    0x000002fa   0x00000000   Code   RO          746    .ARM.Collect$$libinit$$00000011  c_w.l(libinit2.o)
    0x000002fa   0x00000000   Code   RO          748    .ARM.Collect$$libinit$$00000013  c_w.l(libinit2.o)
    0x000002fa   0x00000000   Code   RO          750    .ARM.Collect$$libinit$$00000015  c_w.l(libinit2.o)
    0x000002fa   0x00000000   Code   RO          752    .ARM.Collect$$libinit$$00000017  c_w.l(libinit2.o)
    0x000002fa   0x00000000   Code   RO          754    .ARM.Collect$$libinit$$00000019  c_w.l(libinit2.o)
    0x000002fa   0x00000000   Code   RO          756    .ARM.Collect$$libinit$$0000001B  c_w.l(libinit2.o)
    0x000002fa   0x00000000   Code   RO          758    .ARM.Collect$$libinit$$0000001D  c_w.l(libinit2.o)
    0x000002fa   0x00000000   Code   RO          760    .ARM.Collect$$libinit$$0000001F  c_w.l(libinit2.o)
    0x000002fa   0x00000000   Code   RO          762    .ARM.Collect$$libinit$$00000021  c_w.l(libinit2.o)
    0x000002fa   0x00000000   Code   RO          764    .ARM.Collect$$libinit$$00000023  c_w.l(libinit2.o)
    0x000002fa   0x00000000   Code   RO          768    .ARM.Collect$$libinit$$0000002A  c_w.l(libinit2.o)
    0x000002fa   0x00000000   Code   RO          770    .ARM.Collect$$libinit$$0000002C  c_w.l(libinit2.o)
    0x000002fa   0x00000000   Code   RO          772    .ARM.Collect$$libinit$$0000002E  c_w.l(libinit2.o)
    0x000002fa   0x00000000   Code   RO          774    .ARM.Collect$$libinit$$00000030  c_w.l(libinit2.o)
    0x000002fa   0x00000002   Code   RO          775    .ARM.Collect$$libinit$$00000031  c_w.l(libinit2.o)
    0x000002fc   0x00000002   Code   RO          795    .ARM.Collect$$libshutdown$$00000000  c_w.l(libshutdown.o)
    0x000002fe   0x00000000   Code   RO          809    .ARM.Collect$$libshutdown$$00000003  c_w.l(libshutdown2.o)
    0x000002fe   0x00000000   Code   RO          812    .ARM.Collect$$libshutdown$$00000006  c_w.l(libshutdown2.o)
    0x000002fe   0x00000000   Code   RO          815    .ARM.Collect$$libshutdown$$00000009  c_w.l(libshutdown2.o)
    0x000002fe   0x00000000   Code   RO          817    .ARM.Collect$$libshutdown$$0000000B  c_w.l(libshutdown2.o)
    0x000002fe   0x00000000   Code   RO          820    .ARM.Collect$$libshutdown$$0000000E  c_w.l(libshutdown2.o)
    0x000002fe   0x00000002   Code   RO          821    .ARM.Collect$$libshutdown$$0000000F  c_w.l(libshutdown2.o)
    0x00000300   0x00000000   Code   RO          702    .ARM.Collect$$rtentry$$00000000  c_w.l(rtentry.o)
    0x00000300   0x00000000   Code   RO          704    .ARM.Collect$$rtentry$$00000002  c_w.l(rtentry2.o)
    0x00000300   0x00000006   Code   RO          716    .ARM.Collect$$rtentry$$00000004  c_w.l(rtentry4.o)
    0x00000306   0x00000000   Code   RO          706    .ARM.Collect$$rtentry$$00000009  c_w.l(rtentry2.o)
    0x00000306   0x00000004   Code   RO          707    .ARM.Collect$$rtentry$$0000000A  c_w.l(rtentry2.o)
    0x0000030a   0x00000000   Code   RO          709    .ARM.Collect$$rtentry$$0000000C  c_w.l(rtentry2.o)
    0x0000030a   0x00000008   Code   RO          710    .ARM.Collect$$rtentry$$0000000D  c_w.l(rtentry2.o)
    0x00000312   0x00000002   Code   RO          731    .ARM.Collect$$rtexit$$00000000  c_w.l(rtexit.o)
    0x00000314   0x00000000   Code   RO          777    .ARM.Collect$$rtexit$$00000002  c_w.l(rtexit2.o)
    0x00000314   0x00000004   Code   RO          778    .ARM.Collect$$rtexit$$00000003  c_w.l(rtexit2.o)
    0x00000318   0x00000006   Code   RO          779    .ARM.Collect$$rtexit$$00000004  c_w.l(rtexit2.o)
    0x0000031e   0x00000002   PAD
    0x00000320   0x00000030   Code   RO            4    .text               startup.o
    0x00000350   0x00000040   Code   RO           13    .text               random.o
    0x00000390   0x00000050   Code   RO          109    .text               lcd.o
    0x000003e0   0x000000fc   Code   RO          112    .text               print.o
    0x000004dc   0x00000006   Code   RO          698    .text               c_w.l(heapauxi.o)
    0x000004e2   0x0000004a   Code   RO          718    .text               c_w.l(sys_stackheap_outer.o)
    0x0000052c   0x0000000c   Code   RO          720    .text               c_w.l(exit.o)
    0x00000538   0x00000008   Code   RO          728    .text               c_w.l(libspace.o)
    0x00000540   0x0000000c   Code   RO          787    .text               c_w.l(sys_exit.o)
    0x0000054c   0x00000002   Code   RO          798    .text               c_w.l(use_no_semi.o)
    0x0000054e   0x00000000   Code   RO          800    .text               c_w.l(indicate_semi.o)
    0x0000054e   0x00000002   PAD
    0x00000550   0x0000000c   Code   RO          576    i.ADC1_In           texas.o
    0x0000055c   0x000000d8   Code   RO          577    i.ADC1_Init         texas.o
    0x00000634   0x0000002c   Code   RO           16    i.ADC_In            adc.o
    0x00000660   0x000000d4   Code   RO           17    i.ADC_Init          adc.o
    0x00000734   0x00000020   Code   RO          430    i.ADelay1ms         draw.o
    0x00000754   0x00000028   Code   RO          431    i.Clear_Dot         draw.o
    0x0000077c   0x00000012   Code   RO           18    i.Convert           adc.o
    0x0000078e   0x00000002   PAD
    0x00000790   0x0000006c   Code   RO           66    i.DAC_Init          sound.o
    0x000007fc   0x0000000c   Code   RO           67    i.DAC_Out           sound.o
    0x00000808   0x00000024   Code   RO          526    i.Delay100ms        systick.o
    0x0000082c   0x00000020   Code   RO          115    i.Delay1ms          st7735.o
    0x0000084c   0x00000228   Code   RO          432    i.Dot_Eat           draw.o
    0x00000a74   0x0000004c   Code   RO          433    i.Draw_Dot          draw.o
    0x00000ac0   0x000000b0   Code   RO          434    i.Draw_Init         draw.o
    0x00000b70   0x00000020   Code   RO          435    i.Draw_LoseScreen   draw.o
    0x00000b90   0x00000014   Code   RO          436    i.Draw_ScoreScreen  draw.o
    0x00000ba4   0x00000018   Code   RO          437    i.Draw_StartScreen  draw.o
    0x00000bbc   0x00000050   Code   RO          378    i.Init_All          snake.o
    0x00000c0c   0x000000a4   Code   RO          438    i.Move_Down         draw.o
    0x00000cb0   0x000000a0   Code   RO          439    i.Move_Left         draw.o
    0x00000d50   0x000000a0   Code   RO          440    i.Move_Right        draw.o
    0x00000df0   0x00000d14   Code   RO          441    i.Move_Snake        draw.o
    0x00001b04   0x000000a4   Code   RO          442    i.Move_Up           draw.o
    0x00001ba8   0x00000010   Code   RO          118    i.Output_Init       st7735.o
    0x00001bb8   0x0000007c   Code   RO          578    i.PLL_Init          texas.o
    0x00001c34   0x00000120   Code   RO          122    i.ST7735_DrawBitmap  st7735.o
    0x00001d54   0x000000f4   Code   RO          124    i.ST7735_DrawCharS  st7735.o
    0x00001e48   0x00000048   Code   RO          127    i.ST7735_DrawPixel  st7735.o
    0x00001e90   0x00000056   Code   RO          128    i.ST7735_DrawString  st7735.o
    0x00001ee6   0x00000002   PAD
    0x00001ee8   0x000000ac   Code   RO          129    i.ST7735_FillRect   st7735.o
    0x00001f94   0x00000024   Code   RO          130    i.ST7735_FillScreen  st7735.o
    0x00001fb8   0x0000007c   Code   RO          132    i.ST7735_InitR      st7735.o
    0x00002034   0x000000d4   Code   RO          134    i.ST7735_OutChar    st7735.o
    0x00002108   0x00000018   Code   RO          135    i.ST7735_OutString  st7735.o
    0x00002120   0x00000020   Code   RO          145    i.ST7735_SetCursor  st7735.o
    0x00002140   0x0000000c   Code   RO          147    i.ST7735_SetTextColor  st7735.o
    0x0000214c   0x00000078   Code   RO           19    i.Select_Difficulty  adc.o
    0x000021c4   0x00000018   Code   RO          579    i.SetCode           texas.o
    0x000021dc   0x00000018   Code   RO          580    i.SetCourse         texas.o
    0x000021f4   0x00000030   Code   RO           68    i.Sound_Init        sound.o
    0x00002224   0x00000008   Code   RO           69    i.Sound_Play        sound.o
    0x0000222c   0x0000004c   Code   RO          408    i.Switch_In         switch.o
    0x00002278   0x00000068   Code   RO          409    i.Switch_Init       switch.o
    0x000022e0   0x00000028   Code   RO           70    i.SysTick_Handler   sound.o
    0x00002308   0x000001c0   Code   RO          584    i.TExaS_Init        texas.o
    0x000024c8   0x0000002c   Code   RO          557    i.Timer0A_Handler   timer0.o
    0x000024f4   0x00000058   Code   RO          558    i.Timer0_Init       timer0.o
    0x0000254c   0x00000020   Code   RO          586    i.Timer4A_Handler   texas.o
    0x0000256c   0x00000030   Code   RO          587    i.Timer5A_Handler   texas.o
    0x0000259c   0x000000c0   Code   RO          590    i.UART0_Init        texas.o
    0x0000265c   0x00000056   Code   RO          149    i.commandList       st7735.o
    0x000026b2   0x00000002   PAD
    0x000026b4   0x00000184   Code   RO          150    i.commonInit        st7735.o
    0x00002838   0x00000050   Code   RO          379    i.main              snake.o
    0x00002888   0x00000012   Code   RO          155    i.pushColor         st7735.o
    0x0000289a   0x00000002   PAD
    0x0000289c   0x00000074   Code   RO          156    i.setAddrWindow     st7735.o
    0x00002910   0x00000080   Data   RO           71    .constdata          sound.o
    0x00002990   0x000007e2   Data   RO          158    .constdata          st7735.o
    0x00003172   0x000024d8   Data   RO          444    .constdata          draw.o
    0x0000564a   0x00000168   Data   RO          595    .constdata          texas.o
    0x000057b2   0x00000002   PAD
    0x000057b4   0x00000020   Data   RO          852    Region$$Table       anon$$obj.o


    Execution Region ER_RW (Base: 0x20000000, Size: 0x000000cc, Max: 0xffffffff, ABSOLUTE)

    Base Addr    Size         Type   Attr      Idx    E Section Name        Object

    0x20000000   0x0000001c   Data   RW           20    .data               adc.o
    0x2000001c   0x00000008   Data   RW           72    .data               sound.o
    0x20000024   0x0000002c   Data   RW          159    .data               st7735.o
    0x20000050   0x00000020   Data   RW          380    .data               snake.o
    0x20000070   0x00000008   Data   RW          410    .data               switch.o
    0x20000078   0x0000001c   Data   RW          445    .data               draw.o
    0x20000094   0x00000034   Data   RW          596    .data               texas.o
    0x200000c8   0x00000004   Data   RW           12    DATA                random.o


    Execution Region ER_ZI (Base: 0x200000cc, Size: 0x000004ec, Max: 0xffffffff, ABSOLUTE)

    Base Addr    Size         Type   Attr      Idx    E Section Name        Object

    0x200000cc   0x00000050   Zero   RW          443    .bss                draw.o
    0x2000011c   0x00000004   PAD
    0x20000120   0x00000038   Zero   RW          594    .bss                texas.o
    0x20000158   0x00000060   Zero   RW          729    .bss                c_w.l(libspace.o)
    0x200001b8   0x00000000   Zero   RW            2    HEAP                startup.o
    0x200001b8   0x00000400   Zero   RW            1    STACK               startup.o


==============================================================================

Image component sizes


      Code (inc. data)   RO Data    RW Data    ZI Data      Debug   Object Name

       394         54          0         28          0       7042   adc.o
      4948        314       9432         28         80       8286   draw.o
        80         12          0          0          0        212   lcd.o
       252          0          0          0          0        276   print.o
        64         14          0          4          0        212   random.o
       160         16          0         32          0       1298   snake.o
       216         46        128          8          0       2516   sound.o
      1958        186       2018         44          0      12806   st7735.o
       692        632          0          0       1024        924   startup.o
       180         32          0          8          0       1413   switch.o
        36          6          0          0          0        967   systick.o
      1120        248        360         52         56      15976   texas.o
       132         30          0          0          0        808   timer0.o

    ----------------------------------------------------------------------
     10240       1590      11972        204       1164      52736   Object Totals
         0          0         32          0          0          0   (incl. Generated)
         8          0          2          0          4          0   (incl. Padding)

    ----------------------------------------------------------------------

      Code (inc. data)   RO Data    RW Data    ZI Data      Debug   Library Member Name

         8          0          0          0          0         68   __main.o
        52          8          0          0          0          0   __scatter.o
        26          0          0          0          0          0   __scatter_copy.o
        28          0          0          0          0          0   __scatter_zi.o
        12          0          0          0          0         72   exit.o
         6          0          0          0          0        152   heapauxi.o
         0          0          0          0          0          0   indicate_semi.o
         2          0          0          0          0          0   libinit.o
         2          0          0          0          0          0   libinit2.o
         2          0          0          0          0          0   libshutdown.o
         2          0          0          0          0          0   libshutdown2.o
         8          4          0          0         96         68   libspace.o
         0          0          0          0          0          0   rtentry.o
        12          0          0          0          0          0   rtentry2.o
         6          0          0          0          0          0   rtentry4.o
         2          0          0          0          0          0   rtexit.o
        10          0          0          0          0          0   rtexit2.o
        12          4          0          0          0         68   sys_exit.o
        74          0          0          0          0         80   sys_stackheap_outer.o
         2          0          0          0          0         68   use_no_semi.o

    ----------------------------------------------------------------------
       272         16          0          0         96        576   Library Totals
         6          0          0          0          0          0   (incl. Padding)

    ----------------------------------------------------------------------

      Code (inc. data)   RO Data    RW Data    ZI Data      Debug   Library Name

       266         16          0          0         96        576   c_w.l

    ----------------------------------------------------------------------
       272         16          0          0         96        576   Library Totals

    ----------------------------------------------------------------------

==============================================================================


      Code (inc. data)   RO Data    RW Data    ZI Data      Debug   

     10512       1606      11972        204       1260      50348   Grand Totals
     10512       1606      11972        204       1260      50348   ELF Image Totals
     10512       1606      11972        204          0          0   ROM Totals

==============================================================================

    Total RO  Size (Code + RO Data)                22484 (  21.96kB)
    Total RW  Size (RW Data + ZI Data)              1464 (   1.43kB)
    Total ROM Size (Code + RO Data + RW Data)      22688 (  22.16kB)

==============================================================================

