<html>
<body>
<pre>
<h1>µVision Build Log</h1>
<h2>Project:</h2>
\\psf\Home\Desktop\EE 319K Labs\students\drw2583_dt22776\Lab10\Snake.uvproj
Project File Date:  12/01/2015

<h2>Output:</h2>
Rebuild target 'SpaceInvaders'
assembling startup.s...
assembling random.s...
compiling ADC.c...
ADC.c(20): warning:  #550-D: variable "delay" was set but never used
        int delay;
ADC.c: 1 warning, 0 errors
compiling Sound.c...
assembling LCD.s...
assembling Print.s...
compiling ST7735.c...
compiling Snake.c...
compiling switch.c...
compiling draw.c...
compiling SysTick.c...
compiling Timer0.c...
linking...
Program Size: Code=10512 RO-data=11972 RW-data=204 ZI-data=1260  
".\SpaceInvaders.axf" - 0 Error(s), 1 Warning(s).
Load "\\\\psf\\Home\\Desktop\\EE 319K Labs\\students\\drw2583_dt22776\\Lab10\\SpaceInvaders.axf" 
Connecting: Mode=JTAG, Speed=1000000Hz
Erase Done.
Programming Done.
Verify OK.
</pre>
</body>
</html>
rget DLL has been cancelled
file
Error: Flash Download failed  -  Could not load file '\\psf\Home\Desktop\EE 319K Labs\students\drw2583_dt22776\Lab10\SpaceInvaders.axf'
Load "\\\\psf\\Home\\Desktop\\EE 319K Labs\\students\\drw2583_dt22776\\Lab10\\SpaceInvaders.axf" 
_____^
*** error 56: cannot open file
Error: Flash Download failed  -  Could not load file '\\psf\Home\Desktop\EE 319K Labs\students\drw2583_dt22776\Lab10\SpaceInvaders.axf'
